Component: Arm Compiler for Embedded 6.19 Tool: armlink [5e73cb00]

==============================================================================

Section Cross References

    main.o(.text.main) refers to main.o(.text.clk_config) for clk_config
    main.o(.text.main) refers to main.o(.text.PWM_Init) for PWM_Init
    main.o(.text.main) refers to func_uart.o(.text.USART_config) for USART_config
    main.o(.text.main) refers to main.o(.rodata.str1.1) for .L.str
    main.o(.text.main) refers to func_uart.o(.text.USART_putString) for USART_putString
    main.o(.text.main) refers to nokia5110.o(.text.Nokia5110_Init) for Nokia5110_Init
    main.o(.text.main) refers to main.o(.bss.i) for i
    main.o(.text.main) refers to nokia5110.o(.text.Nokia5110_Clear) for Nokia5110_Clear
    main.o(.text.main) refers to nokia5110.o(.text.Nokia5110_OutString) for Nokia5110_OutString
    main.o(.text.main) refers to system_stm32f3xx.o(.data.SystemCoreClock) for SystemCoreClock
    main.o(.text.main) refers to main.o(.text.SysTick_Config) for SysTick_Config
    main.o(.text.main) refers to main.o(.text.read_command) for read_command
    main.o(.ARM.exidx.text.main) refers to main.o(.text.main) for [Anonymous Symbol]
    main.o(.text.clk_config) refers to system_stm32f3xx.o(.text.SystemCoreClockUpdate) for SystemCoreClockUpdate
    main.o(.ARM.exidx.text.clk_config) refers to main.o(.text.clk_config) for [Anonymous Symbol]
    main.o(.ARM.exidx.text.PWM_Init) refers to main.o(.text.PWM_Init) for [Anonymous Symbol]
    main.o(.text.SysTick_Config) refers to main.o(.text.__NVIC_SetPriority) for __NVIC_SetPriority
    main.o(.ARM.exidx.text.SysTick_Config) refers to main.o(.text.SysTick_Config) for [Anonymous Symbol]
    main.o(.text.read_command) refers to func_uart.o(.bss.cmd_ready) for cmd_ready
    main.o(.text.read_command) refers to func_uart.o(.text.tokenizer) for tokenizer
    main.o(.text.read_command) refers to func_uart.o(.data.tokens) for tokens
    main.o(.text.read_command) refers to main.o(.rodata.str1.1) for .L.str.11
    main.o(.text.read_command) refers to strcmpv7em.o(.text) for strcmp
    main.o(.text.read_command) refers to funciones.o(.text.registerDisplay) for registerDisplay
    main.o(.text.read_command) refers to funciones.o(.text.registerModify) for registerModify
    main.o(.text.read_command) refers to funciones.o(.text.memoryDisplay) for memoryDisplay
    main.o(.text.read_command) refers to funciones.o(.text.memoryModify) for memoryModify
    main.o(.text.read_command) refers to funciones.o(.text.blockFill) for blockFill
    main.o(.text.read_command) refers to funciones.o(.text.run) for run
    main.o(.text.read_command) refers to funciones.o(.text.call) for call
    main.o(.text.read_command) refers to funciones.o(.text.ioMap) for ioMap
    main.o(.text.read_command) refers to funciones.o(.text.ioUnmap) for ioUnmap
    main.o(.text.read_command) refers to funciones.o(.text.segmentOut) for segmentOut
    main.o(.text.read_command) refers to funciones.o(.text.lcdPrint) for lcdPrint
    main.o(.text.read_command) refers to funciones.o(.text.sound) for sound
    main.o(.text.read_command) refers to funciones.o(.text.mute) for mute
    main.o(.text.read_command) refers to main.o(.text.LLedOn) for LLedOn
    main.o(.text.read_command) refers to main.o(.text.LLedOff) for LLedOff
    main.o(.text.read_command) refers to funciones.o(.text.printTest) for printTest
    main.o(.text.read_command) refers to func_uart.o(.text.USART_putString) for USART_putString
    main.o(.ARM.exidx.text.read_command) refers to main.o(.text.read_command) for [Anonymous Symbol]
    main.o(.text.SysTick_Handler) refers to main.o(.text.I2C_Read) for I2C_Read
    main.o(.text.SysTick_Handler) refers to main.o(.bss.ticks) for ticks
    main.o(.text.SysTick_Handler) refers to main.o(.text.I2C_Write) for I2C_Write
    main.o(.ARM.exidx.text.SysTick_Handler) refers to main.o(.text.SysTick_Handler) for [Anonymous Symbol]
    main.o(.ARM.exidx.text.I2C_Read) refers to main.o(.text.I2C_Read) for [Anonymous Symbol]
    main.o(.text.I2C_Write) refers to func_uart.o(.bss.data) for data
    main.o(.ARM.exidx.text.I2C_Write) refers to main.o(.text.I2C_Write) for [Anonymous Symbol]
    main.o(.text.TIM3_IRQHandler) refers to main.o(.bss.capture_rise) for capture_rise
    main.o(.text.TIM3_IRQHandler) refers to main.o(.bss.capture_rise_ant) for capture_rise_ant
    main.o(.text.TIM3_IRQHandler) refers to dflt_clz.o(x$fpl$dflt) for __aeabi_i2d
    main.o(.text.TIM3_IRQHandler) refers to dmul.o(x$fpl$dmul) for __aeabi_dmul
    main.o(.text.TIM3_IRQHandler) refers to d2f.o(x$fpl$d2f) for __aeabi_d2f
    main.o(.text.TIM3_IRQHandler) refers to main.o(.bss.period_us) for period_us
    main.o(.text.TIM3_IRQHandler) refers to main.o(.bss.capture_fall) for capture_fall
    main.o(.text.TIM3_IRQHandler) refers to main.o(.bss.ap_us) for ap_us
    main.o(.ARM.exidx.text.TIM3_IRQHandler) refers to main.o(.text.TIM3_IRQHandler) for [Anonymous Symbol]
[...]
    .L.str.23                                0x0800555b   Data           2  main.o(.rodata.str1.1)
    .L.str.39                                0x0800555b   Data           2  main.o(.rodata.str1.1)
    .L.str.31                                0x0800555d   Data           4  main.o(.rodata.str1.1)
    .L.str.37                                0x08005561   Data           5  main.o(.rodata.str1.1)
    .L.str.15                                0x08005566   Data           3  main.o(.rodata.str1.1)
    .L.str.33                                0x08005569   Data           6  main.o(.rodata.str1.1)
    .L.str.11                                0x0800556f   Data           3  main.o(.rodata.str1.1)
    .L.str.35                                0x08005572   Data           5  main.o(.rodata.str1.1)
    .L.str.19                                0x08005577   Data           3  main.o(.rodata.str1.1)
    .L.str.23                                0x0800557a   Data           5  main.o(.rodata.str1.1)
    .L.str.17                                0x0800557f   Data           3  main.o(.rodata.str1.1)
    .L.str.13                                0x08005582   Data           3  main.o(.rodata.str1.1)
    .L.str.21                                0x08005585   Data           4  main.o(.rodata.str1.1)
    .L.str.27                                0x08005589   Data           8  main.o(.rodata.str1.1)
    .L.str.25                                0x08005591   Data           6  main.o(.rodata.str1.1)
    .L.str.43                                0x08005597   Data           6  main.o(.rodata.str1.1)
    .L.str.29                                0x0800559d   Data           8  main.o(.rodata.str1.1)
    .L.str.32                                0x080055a5   Data           4  main.o(.rodata.str1.1)
    .L.str.38                                0x080055a9   Data           5  main.o(.rodata.str1.1)
    .L.str.16                                0x080055ae   Data           3  main.o(.rodata.str1.1)
    .L.str.34                                0x080055b1   Data           6  main.o(.rodata.str1.1)
    .L.str.12                                0x080055b7   Data           3  main.o(.rodata.str1.1)
    .L.str.36                                0x080055ba   Data           5  main.o(.rodata.str1.1)
    .L.str.20                                0x080055bf   Data           3  main.o(.rodata.str1.1)
    .L.str.24                                0x080055c2   Data           5  main.o(.rodata.str1.1)
    .L.str.18                                0x080055c7   Data           3  main.o(.rodata.str1.1)
    .L.str.14                                0x080055ca   Data           3  main.o(.rodata.str1.1)
    .L.str.22                                0x080055cd   Data           4  main.o(.rodata.str1.1)
    .L.str.28                                0x080055d1   Data           8  main.o(.rodata.str1.1)
    .L.str.26                                0x080055d9   Data           6  main.o(.rodata.str1.1)
    .L.str.42                                0x080055df   Data           6  main.o(.rodata.str1.1)
    .L.str.30                                0x080055e5   Data           8  main.o(.rodata.str1.1)
    .L.str.41                                0x080055ed   Data           5  main.o(.rodata.str1.1)
    .L.str.7                                 0x080055f2   Data          15  main.o(.rodata.str1.1)
    .L.str.11                                0x08005600   Data           1  main.o(.rodata.str1.1)
    .L.str.9                                 0x08005601   Data          41  funciones.o(.rodata.str1.1)
    [Anonymous Symbol]                       0x08005601   Section        0  funciones.o(.rodata.str1.1)
    .L.str.21                                0x0800562a   Data          39  funciones.o(.rodata.str1.1)
    .L.str.32                                0x08005651   Data          12  funciones.o(.rodata.str1.1)
    .L.str.33                                0x0800565d   Data          14  funciones.o(.rodata.str1.1)
    .L.str.16                                0x0800566b   Data          22  funciones.o(.rodata.str1.1)
    .L.str.35                                0x08005681   Data          14  funciones.o(.rodata.str1.1)
    .L.str.34                                0x0800568f   Data          16  funciones.o(.rodata.str1.1)
    .L.str.1                                 0x0800569f   Data          21  funciones.o(.rodata.str1.1)
    .L.str.3                                 0x080056b4   Data          20  funciones.o(.rodata.str1.1)
    .L.str.15                                0x080056c8   Data          18  funciones.o(.rodata.str1.1)
    .L.str.10                                0x080056da   Data          52  funciones.o(.rodata.str1.1)
    .L.str.12                                0x0800570e   Data          29  funciones.o(.rodata.str1.1)
    .L.str.17                                0x0800572b   Data          40  funciones.o(.rodata.str1.1)
    .L.str.31                                0x08005753   Data          20  funciones.o(.rodata.str1.1)
    .L.str.29                                0x08005767   Data          19  funciones.o(.rodata.str1.1)
    .L.str.40                                0x0800577a   Data          18  funciones.o(.rodata.str1.1)
    .L.str.24                                0x0800578c   Data          36  funciones.o(.rodata.str1.1)
    .L.str.27                                0x080057b0   Data          48  funciones.o(.rodata.str1.1)
    .L.str                                   0x080057e0   Data          14  funciones.o(.rodata.str1.1)
    .L.str.2                                 0x080057ee   Data          16  funciones.o(.rodata.str1.1)
    .L.str.8                                 0x080057fe   Data          29  funciones.o(.rodata.str1.1)
    .L.str.20                                0x0800581b   Data          32  funciones.o(.rodata.str1.1)
    .L.str.30                                0x0800583b   Data          26  funciones.o(.rodata.str1.1)
    .L.str.28                                0x08005855   Data          25  funciones.o(.rodata.str1.1)
    .L.str.18                                0x0800586e   Data          31  funciones.o(.rodata.str1.1)
    .L.str.19                                0x0800588d   Data          31  funciones.o(.rodata.str1.1)
    .L.str.39                                0x080058ac   Data          25  funciones.o(.rodata.str1.1)
    .L.str.22                                0x080058c5   Data          21  funciones.o(.rodata.str1.1)
    .L.str.4                                 0x080058da   Data          14  funciones.o(.rodata.str1.1)
    .L.str.5                                 0x080058e8   Data          14  funciones.o(.rodata.str1.1)
    .L.str.6                                 0x080058f6   Data          14  funciones.o(.rodata.str1.1)
    .L.str.7                                 0x08005904   Data          14  funciones.o(.rodata.str1.1)
    .L.str.14                                0x0800590f   Data           3  funciones.o(.rodata.str1.1)
    .L.str.13                                0x08005912   Data           8  funciones.o(.rodata.str1.1)
    .L.str.25                                0x0800591a   Data           7  funciones.o(.rodata.str1.1)
    .L.str.26                                0x08005921   Data           7  funciones.o(.rodata.str1.1)
    .L.str                                   0x08005926   Data           2  funciones.o(.rodata.str1.1)
    .L.str.36                                0x08005926   Data           2  funciones.o(.rodata.str1.1)
    .L.str.37                                0x08005928   Data          36  funciones.o(.rodata.str1.1)
    .L.str.38                                0x0800594c   Data           6  funciones.o(.rodata.str1.1)
    .L.str.41                                0x0800595a   Data          24  funciones.o(.rodata.str1.1)
    c$$dinf                                  0x08005974   Section        8  fpconst.o(c$$dinf)
    c$$dmax                                  0x0800597c   Section        8  fpconst.o(c$$dmax)
    locale$$data                             0x08005984   Section      272  lc_ctype_c.o(locale$$data)
    __lcctype_c_name                         0x08005988   Data           2  lc_ctype_c.o(locale$$data)
    __lcctype_c_start                        0x08005990   Data           0  lc_ctype_c.o(locale$$data)
    __lcctype_c_end                          0x08005a94   Data           0  lc_ctype_c.o(locale$$data)
    locale$$data                             0x08005a94   Section       28  lc_numeric_c.o(locale$$data)
    __lcnum_c_name                           0x08005a98   Data           2  lc_numeric_c.o(locale$$data)
    __lcnum_c_start                          0x08005aa0   Data           0  lc_numeric_c.o(locale$$data)
    __lcnum_c_point                          0x08005aac   Data           0  lc_numeric_c.o(locale$$data)
    __lcnum_c_thousands                      0x08005aae   Data           0  lc_numeric_c.o(locale$$data)
    __lcnum_c_grouping                       0x08005aaf   Data           0  lc_numeric_c.o(locale$$data)
    __lcnum_c_end                            0x08005ab0   Data           0  lc_numeric_c.o(locale$$data)
    _strtok_saves1                           0x20000000   Data           4  strtok.o(.data)
    .data                                    0x20000000   Section        4  strtok.o(.data)
    .bss                                     0x20000068   Section       96  libspace.o(.bss)
    BFmemoryStart16                          0x200000c8   Data           4  funciones.o(.bss.BFmemoryStart16)
    [Anonymous Symbol]                       0x200000c8   Section        0  funciones.o(.bss.BFmemoryStart16)
    BFmemoryStart32                          0x200000cc   Data           4  funciones.o(.bss.BFmemoryStart32)
    [Anonymous Symbol]                       0x200000cc   Section        0  funciones.o(.bss.BFmemoryStart32)
    BFmemoryStart8                           0x200000d0   Data           4  funciones.o(.bss.BFmemoryStart8)
    [Anonymous Symbol]                       0x200000d0   Section        0  funciones.o(.bss.BFmemoryStart8)
    ap_us                                    0x200000d4   Data           4  main.o(.bss.ap_us)
    [Anonymous Symbol]                       0x200000d4   Section        0  main.o(.bss.ap_us)
    capture_fall                             0x200000d8   Data           2  main.o(.bss.capture_fall)
    [Anonymous Symbol]                       0x200000d8   Section        0  main.o(.bss.capture_fall)
    capture_rise                             0x200000da   Data           2  main.o(.bss.capture_rise)
    [Anonymous Symbol]                       0x200000da   Section        0  main.o(.bss.capture_rise)
    capture_rise_ant                         0x200000dc   Data           2  main.o(.bss.capture_rise_ant)
    [Anonymous Symbol]                       0x200000dc   Section        0  main.o(.bss.capture_rise_ant)
    dc                                       0x200000e0   Data           4  funciones.o(.bss.dc)
    [Anonymous Symbol]                       0x200000e0   Section        0  funciones.o(.bss.dc)
    freq                                     0x200000e4   Data           4  funciones.o(.bss.freq)
    [Anonymous Symbol]                       0x200000e4   Section        0  funciones.o(.bss.freq)
    i                                        0x200000e8   Data           8  main.o(.bss.i)
    [Anonymous Symbol]                       0x200000e8   Section        0  main.o(.bss.i)
    i                                        0x200000f0   Data           8  funciones.o(.bss.i)
    [Anonymous Symbol]                       0x200000f0   Section        0  funciones.o(.bss.i)
    jumpAddress                              0x200000f8   Data           4  funciones.o(.bss.jumpAddress)
    [Anonymous Symbol]                       0x200000f8   Section        0  funciones.o(.bss.jumpAddress)
    lcd_buffer                               0x200000fc   Data          70  funciones.o(.bss.lcd_buffer)
    [Anonymous Symbol]                       0x200000fc   Section        0  funciones.o(.bss.lcd_buffer)
    memoryEnd                                0x20000144   Data           4  funciones.o(.bss.memoryEnd)
    [Anonymous Symbol]                       0x20000144   Section        0  funciones.o(.bss.memoryEnd)
    memoryModifyAddress                      0x20000148   Data           4  funciones.o(.bss.memoryModifyAddress)
    [Anonymous Symbol]                       0x20000148   Section        0  funciones.o(.bss.memoryModifyAddress)
    memoryStart                              0x2000014c   Data           4  funciones.o(.bss.memoryStart)
    [Anonymous Symbol]                       0x2000014c   Section        0  funciones.o(.bss.memoryStart)
    period_us                                0x20000154   Data           4  main.o(.bss.period_us)
    [Anonymous Symbol]                       0x20000154   Section        0  main.o(.bss.period_us)
    reg_num                                  0x20000158   Data           1  funciones.o(.bss.reg_num)
    [Anonymous Symbol]                       0x20000158   Section        0  funciones.o(.bss.reg_num)
    reg_val                                  0x2000015c   Data           4  funciones.o(.bss.reg_val)
    [Anonymous Symbol]                       0x2000015c   Section        0  funciones.o(.bss.reg_val)
    registros                                0x20000160   Data          64  funciones.o(.bss.registros)
    [Anonymous Symbol]                       0x20000160   Section        0  funciones.o(.bss.registros)
    ticks                                    0x200001e0   Data           4  main.o(.bss.ticks)
    [Anonymous Symbol]                       0x200001e0   Section        0  main.o(.bss.ticks)
    Heap_Mem                                 0x20000228   Data         512  startup_stm32f303x8.o(HEAP)
    HEAP                                     0x20000228   Section      512  startup_stm32f303x8.o(HEAP)
    Stack_Mem                                0x20000428   Data        1024  startup_stm32f303x8.o(STACK)
    STACK                                    0x20000428   Section     1024  startup_stm32f303x8.o(STACK)
    __initial_sp                             0x20000828   Data           0  startup_stm32f303x8.o(STACK)

    Global Symbols

    Symbol Name                              Value     Ov Type        Size  Object(Section)

    BuildAttributes$$THM_ISAv4$E$P$D$K$B$S$7EM$VFPi3$EXTD16$VFPS$VFMA$PE$A:L22UL41UL21$X:L11$S22US41US21$IEEE1$IW$~IW$USESV6$~STKCKD$USESV7$~SHL$OTIME$ROPI$IEEEX$EBA8$UX$STANDARDLIB$REQ8$PRES8$EABIv2 0x00000000   Number         0  anon$$obj.o ABSOLUTE
    _printf_flags                            0x00000000   Number         0  printf_stubs.o ABSOLUTE
    _printf_return_value                     0x00000000   Number         0  printf_stubs.o ABSOLUTE
    _printf_sizespec                         0x00000000   Number         0  printf_stubs.o ABSOLUTE
    _printf_widthprec                        0x00000000   Number         0  printf_stubs.o ABSOLUTE
    __ARM_exceptions_init                     - Undefined Weak Reference
    __alloca_initialize                       - Undefined Weak Reference
    __arm_preinit_                            - Undefined Weak Reference
    __arm_relocate_pie_                       - Undefined Weak Reference
    __cpp_initialize__aeabi_                  - Undefined Weak Reference
    __cxa_finalize                            - Undefined Weak Reference
    __sigvec_lookup                           - Undefined Weak Reference
    _atexit_init                              - Undefined Weak Reference
    _call_atexit_fns                          - Undefined Weak Reference
    _clock_init                               - Undefined Weak Reference
    _fp_trap_init                             - Undefined Weak Reference
    _fp_trap_shutdown                         - Undefined Weak Reference
    _get_lc_collate                           - Undefined Weak Reference
    _get_lc_monetary                          - Undefined Weak Reference
    _get_lc_time                              - Undefined Weak Reference
    _getenv_init                              - Undefined Weak Reference
    _handle_redirection                       - Undefined Weak Reference
    _init_alloc                               - Undefined Weak Reference
    _init_user_alloc                          - Undefined Weak Reference
    _initio                                   - Undefined Weak Reference
    _printf_mbtowc                            - Undefined Weak Reference
    _printf_wc                                - Undefined Weak Reference
    _rand_init                                - Undefined Weak Reference
    _signal_finish                            - Undefined Weak Reference
    _signal_init                              - Undefined Weak Reference
    _terminate_alloc                          - Undefined Weak Reference
    _terminate_user_alloc                     - Undefined Weak Reference
    _terminateio                              - Undefined Weak Reference
    __Vectors_Size                           0x00000188   Number         0  startup_stm32f303x8.o ABSOLUTE
    __Vectors                                0x08000000   Data           4  startup_stm32f303x8.o(RESET)
    __Vectors_End                            0x08000188   Data           0  startup_stm32f303x8.o(RESET)
    __main                                   0x08000189   Thumb Code     8  __main.o(!!!main)
    __scatterload                            0x08000191   Thumb Code     0  __scatter.o(!!!scatter)
    __scatterload_rt2                        0x08000191   Thumb Code    44  __scatter.o(!!!scatter)
    __scatterload_rt2_thumb_only             0x08000191   Thumb Code     0  __scatter.o(!!!scatter)
    __scatterload_null                       0x0800019f   Thumb Code     0  __scatter.o(!!!scatter)
    __scatterload_copy                       0x080001c5   Thumb Code    26  __scatter_copy.o(!!handler_copy)
    __scatterload_zeroinit                   0x080001e1   Thumb Code    28  __scatter_zi.o(!!handler_zi)
    _printf_n                                0x080001fd   Thumb Code     0  _printf_n.o(.ARM.Collect$$_printf_percent$$00000001)
    _printf_percent                          0x080001fd   Thumb Code     0  _printf_percent.o(.ARM.Collect$$_printf_percent$$00000000)
    _printf_p                                0x08000203   Thumb Code     0  _printf_p.o(.ARM.Collect$$_printf_percent$$00000002)
    _printf_f                                0x08000209   Thumb Code     0  _printf_f.o(.ARM.Collect$$_printf_percent$$00000003)
    _printf_e                                0x0800020f   Thumb Code     0  _printf_e.o(.ARM.Collect$$_printf_percent$$00000004)
    _printf_g                                0x08000215   Thumb Code     0  _printf_g.o(.ARM.Collect$$_printf_percent$$00000005)
    _printf_a                                0x0800021b   Thumb Code     0  _printf_a.o(.ARM.Collect$$_printf_percent$$00000006)
    _printf_ll                               0x08000221   Thumb Code     0  _printf_ll.o(.ARM.Collect$$_printf_percent$$00000007)
    _printf_i                                0x0800022b   Thumb Code     0  _printf_i.o(.ARM.Collect$$_printf_percent$$00000008)
    _printf_d                                0x08000231   Thumb Code     0  _printf_d.o(.ARM.Collect$$_printf_percent$$00000009)
    _printf_u                                0x08000237   Thumb Code     0  _printf_u.o(.ARM.Collect$$_printf_percent$$0000000A)
    _printf_o                                0x0800023d   Thumb Code     0  _printf_o.o(.ARM.Collect$$_printf_percent$$0000000B)
    _printf_x                                0x08000243   Thumb Code     0  _printf_x.o(.ARM.Collect$$_printf_percent$$0000000C)
    _printf_lli                              0x08000249   Thumb Code     0  _printf_lli.o(.ARM.Collect$$_printf_percent$$0000000D)
    _printf_lld                              0x0800024f   Thumb Code     0  _printf_lld.o(.ARM.Collect$$_printf_percent$$0000000E)
    _printf_llu                              0x08000255   Thumb Code     0  _printf_llu.o(.ARM.Collect$$_printf_percent$$0000000F)
    _printf_llo                              0x0800025b   Thumb Code     0  _printf_llo.o(.ARM.Collect$$_printf_percent$$00000010)
    _printf_llx                              0x08000261   Thumb Code     0  _printf_llx.o(.ARM.Collect$$_printf_percent$$00000011)
    _printf_l                                0x08000267   Thumb Code     0  _printf_l.o(.ARM.Collect$$_printf_percent$$00000012)
    _printf_c                                0x08000271   Thumb Code     0  _printf_c.o(.ARM.Collect$$_printf_percent$$00000013)
    _printf_s                                0x08000277   Thumb Code     0  _printf_s.o(.ARM.Collect$$_printf_percent$$00000014)
    _printf_lc                               0x0800027d   Thumb Code     0  _printf_lc.o(.ARM.Collect$$_printf_percent$$00000015)
    _printf_ls                               0x08000283   Thumb Code     0  _printf_ls.o(.ARM.Collect$$_printf_percent$$00000016)
    _printf_percent_end                      0x08000289   Thumb Code     0  _printf_percent_end.o(.ARM.Collect$$_printf_percent$$00000017)
    __rt_lib_init                            0x0800028d   Thumb Code     0  libinit.o(.ARM.Collect$$libinit$$00000000)
    __rt_lib_init_fp_1                       0x0800028f   Thumb Code     0  libinit2.o(.ARM.Collect$$libinit$$00000001)
    __rt_lib_init_heap_1                     0x08000293   Thumb Code     0  libinit2.o(.ARM.Collect$$libinit$$0000000C)
    __rt_lib_init_lc_common                  0x08000293   Thumb Code     0  libinit2.o(.ARM.Collect$$libinit$$00000011)
    __rt_lib_init_preinit_1                  0x08000293   Thumb Code     0  libinit2.o(.ARM.Collect$$libinit$$00000006)
    __rt_lib_init_rand_1                     0x08000293   Thumb Code     0  libinit2.o(.ARM.Collect$$libinit$$00000010)
    __rt_lib_init_relocate_pie_1             0x08000293   Thumb Code     0  libinit2.o(.ARM.Collect$$libinit$$00000004)
    __rt_lib_init_user_alloc_1               0x08000293   Thumb Code     0  libinit2.o(.ARM.Collect$$libinit$$0000000E)
    __rt_lib_init_lc_collate_1               0x08000299   Thumb Code     0  libinit2.o(.ARM.Collect$$libinit$$00000013)
    __rt_lib_init_lc_ctype_2                 0x08000299   Thumb Code     0  libinit2.o(.ARM.Collect$$libinit$$00000014)
    __rt_lib_init_lc_ctype_1                 0x080002a5   Thumb Code     0  libinit2.o(.ARM.Collect$$libinit$$00000015)
    __rt_lib_init_lc_monetary_1              0x080002a5   Thumb Code     0  libinit2.o(.ARM.Collect$$libinit$$00000017)
    __rt_lib_init_lc_numeric_2               0x080002a5   Thumb Code     0  libinit2.o(.ARM.Collect$$libinit$$00000018)
    __rt_lib_init_alloca_1                   0x080002af   Thumb Code     0  libinit2.o(.ARM.Collect$$libinit$$00000030)
    __rt_lib_init_argv_1                     0x080002af   Thumb Code     0  libinit2.o(.ARM.Collect$$libinit$$0000002E)
    __rt_lib_init_atexit_1                   0x080002af   Thumb Code     0  libinit2.o(.ARM.Collect$$libinit$$0000001D)
    __rt_lib_init_clock_1                    0x080002af   Thumb Code     0  libinit2.o(.ARM.Collect$$libinit$$00000023)
    __rt_lib_init_cpp_1                      0x080002af   Thumb Code     0  libinit2.o(.ARM.Collect$$libinit$$00000034)
    __rt_lib_init_exceptions_1               0x080002af   Thumb Code     0  libinit2.o(.ARM.Collect$$libinit$$00000032)
    __rt_lib_init_fp_trap_1                  0x080002af   Thumb Code     0  libinit2.o(.ARM.Collect$$libinit$$00000021)
    __rt_lib_init_getenv_1                   0x080002af   Thumb Code     0  libinit2.o(.ARM.Collect$$libinit$$00000025)
    __rt_lib_init_lc_numeric_1               0x080002af   Thumb Code     0  libinit2.o(.ARM.Collect$$libinit$$00000019)
    __rt_lib_init_lc_time_1                  0x080002af   Thumb Code     0  libinit2.o(.ARM.Collect$$libinit$$0000001B)
    __rt_lib_init_return                     0x080002af   Thumb Code     0  libinit2.o(.ARM.Collect$$libinit$$00000035)
    __rt_lib_init_signal_1                   0x080002af   Thumb Code     0  libinit2.o(.ARM.Collect$$libinit$$0000001F)
    __rt_lib_init_stdio_1                    0x080002af   Thumb Code     0  libinit2.o(.ARM.Collect$$libinit$$00000027)
    __rt_lib_shutdown                        0x080002b1   Thumb Code     0  libshutdown.o(.ARM.Collect$$libshutdown$$00000000)
    __rt_lib_shutdown_cpp_1                  0x080002b3   Thumb Code     0  libshutdown2.o(.ARM.Collect$$libshutdown$$00000002)
    __rt_lib_shutdown_fp_trap_1              0x080002b3   Thumb Code     0  libshutdown2.o(.ARM.Collect$$libshutdown$$00000007)
    __rt_lib_shutdown_heap_1                 0x080002b3   Thumb Code     0  libshutdown2.o(.ARM.Collect$$libshutdown$$0000000F)
    __rt_lib_shutdown_return                 0x080002b3   Thumb Code     0  libshutdown2.o(.ARM.Collect$$libshutdown$$00000010)
    __rt_lib_shutdown_signal_1               0x080002b3   Thumb Code     0  libshutdown2.o(.ARM.Collect$$libshutdown$$0000000A)
    __rt_lib_shutdown_stdio_1                0x080002b3   Thumb Code     0  libshutdown2.o(.ARM.Collect$$libshutdown$$00000004)
    __rt_lib_shutdown_user_alloc_1           0x080002b3   Thumb Code     0  libshutdown2.o(.ARM.Collect$$libshutdown$$0000000C)
    __rt_entry                               0x080002b5   Thumb Code     0  __rtentry.o(.ARM.Collect$$rtentry$$00000000)
    __rt_entry_presh_1                       0x080002b5   Thumb Code     0  __rtentry2.o(.ARM.Collect$$rtentry$$00000002)
    __rt_entry_sh                            0x080002b5   Thumb Code     0  __rtentry4.o(.ARM.Collect$$rtentry$$00000004)
    __rt_entry_li                            0x080002bb   Thumb Code     0  __rtentry2.o(.ARM.Collect$$rtentry$$0000000A)
    __rt_entry_postsh_1                      0x080002bb   Thumb Code     0  __rtentry2.o(.ARM.Collect$$rtentry$$00000009)
    __rt_entry_main                          0x080002bf   Thumb Code     0  __rtentry2.o(.ARM.Collect$$rtentry$$0000000D)
    __rt_entry_postli_1                      0x080002bf   Thumb Code     0  __rtentry2.o(.ARM.Collect$$rtentry$$0000000C)
    __rt_exit                                0x080002c7   Thumb Code     0  rtexit.o(.ARM.Collect$$rtexit$$00000000)
    __rt_exit_ls                             0x080002c9   Thumb Code     0  rtexit2.o(.ARM.Collect$$rtexit$$00000003)
    __rt_exit_prels_1                        0x080002c9   Thumb Code     0  rtexit2.o(.ARM.Collect$$rtexit$$00000002)
    __rt_exit_exit                           0x080002cd   Thumb Code     0  rtexit2.o(.ARM.Collect$$rtexit$$00000004)
    registerDisplayAssembly                  0x080002d5   Thumb Code     0  funciones_1.o(.text)
    registerModifyAssemblyR6                 0x08000309   Thumb Code     0  funciones_1.o(.text)
    registerModifyAssemblyR7                 0x0800030f   Thumb Code     0  funciones_1.o(.text)
    registerModifyAssemblyR8                 0x08000315   Thumb Code     0  funciones_1.o(.text)
    registerModifyAssemblyR9                 0x0800031b   Thumb Code     0  funciones_1.o(.text)
    runAssembly                              0x08000321   Thumb Code     0  funciones_1.o(.text)
    callAssembly                             0x08000327   Thumb Code     0  funciones_1.o(.text)
    Reset_Handler                            0x0800032d   Thumb Code     8  startup_stm32f303x8.o(.text)
    NMI_Handler                              0x08000335   Thumb Code     2  startup_stm32f303x8.o(.text)
    HardFault_Handler                        0x08000337   Thumb Code     2  startup_stm32f303x8.o(.text)
    MemManage_Handler                        0x08000339   Thumb Code     2  startup_stm32f303x8.o(.text)
    BusFault_Handler                         0x0800033b   Thumb Code     2  startup_stm32f303x8.o(.text)
    UsageFault_Handler                       0x0800033d   Thumb Code     2  startup_stm32f303x8.o(.text)
    SVC_Handler                              0x0800033f   Thumb Code     2  startup_stm32f303x8.o(.text)
    DebugMon_Handler                         0x08000341   Thumb Code     2  startup_stm32f303x8.o(.text)
    PendSV_Handler                           0x08000343   Thumb Code     2  startup_stm32f303x8.o(.text)
    ADC1_2_IRQHandler                        0x08000347   Thumb Code     0  startup_stm32f303x8.o(.text)
    CAN_RX0_IRQHandler                       0x08000347   Thumb Code     0  startup_stm32f303x8.o(.text)
    CAN_RX1_IRQHandler                       0x08000347   Thumb Code     0  startup_stm32f303x8.o(.text)
    CAN_SCE_IRQHandler                       0x08000347   Thumb Code     0  startup_stm32f303x8.o(.text)
    CAN_TX_IRQHandler                        0x08000347   Thumb Code     0  startup_stm32f303x8.o(.text)
    COMP2_IRQHandler                         0x08000347   Thumb Code     0  startup_stm32f303x8.o(.text)
    COMP4_6_IRQHandler                       0x08000347   Thumb Code     0  startup_stm32f303x8.o(.text)
    DMA1_Channel1_IRQHandler                 0x08000347   Thumb Code     0  startup_stm32f303x8.o(.text)
    DMA1_Channel2_IRQHandler                 0x08000347   Thumb Code     0  startup_stm32f303x8.o(.text)
    DMA1_Channel3_IRQHandler                 0x08000347   Thumb Code     0  startup_stm32f303x8.o(.text)
    DMA1_Channel4_IRQHandler                 0x08000347   Thumb Code     0  startup_stm32f303x8.o(.text)
    DMA1_Channel5_IRQHandler                 0x08000347   Thumb Code     0  startup_stm32f303x8.o(.text)
    DMA1_Channel6_IRQHandler                 0x08000347   Thumb Code     0  startup_stm32f303x8.o(.text)
    DMA1_Channel7_IRQHandler                 0x08000347   Thumb Code     0  startup_stm32f303x8.o(.text)
    EXTI0_IRQHandler                         0x08000347   Thumb Code     0  startup_stm32f303x8.o(.text)
    EXTI15_10_IRQHandler                     0x08000347   Thumb Code     0  startup_stm32f303x8.o(.text)
    EXTI1_IRQHandler                         0x08000347   Thumb Code     0  startup_stm32f303x8.o(.text)
    EXTI2_TSC_IRQHandler                     0x08000347   Thumb Code     0  startup_stm32f303x8.o(.text)
    EXTI3_IRQHandler                         0x08000347   Thumb Code     0  startup_stm32f303x8.o(.text)
    EXTI4_IRQHandler                         0x08000347   Thumb Code     0  startup_stm32f303x8.o(.text)
    EXTI9_5_IRQHandler                       0x08000347   Thumb Code     0  startup_stm32f303x8.o(.text)
    FLASH_IRQHandler                         0x08000347   Thumb Code     0  startup_stm32f303x8.o(.text)
    FPU_IRQHandler                           0x08000347   Thumb Code     0  startup_stm32f303x8.o(.text)
    I2C1_ER_IRQHandler                       0x08000347   Thumb Code     0  startup_stm32f303x8.o(.text)
    I2C1_EV_IRQHandler                       0x08000347   Thumb Code     0  startup_stm32f303x8.o(.text)
    PVD_IRQHandler                           0x08000347   Thumb Code     0  startup_stm32f303x8.o(.text)
    RCC_IRQHandler                           0x08000347   Thumb Code     0  startup_stm32f303x8.o(.text)
    RTC_Alarm_IRQHandler                     0x08000347   Thumb Code     0  startup_stm32f303x8.o(.text)
    RTC_WKUP_IRQHandler                      0x08000347   Thumb Code     0  startup_stm32f303x8.o(.text)
    SPI1_IRQHandler                          0x08000347   Thumb Code     0  startup_stm32f303x8.o(.text)
    TAMP_STAMP_IRQHandler                    0x08000347   Thumb Code     0  startup_stm32f303x8.o(.text)
    TIM1_BRK_TIM15_IRQHandler                0x08000347   Thumb Code     0  startup_stm32f303x8.o(.text)
    TIM1_CC_IRQHandler                       0x08000347   Thumb Code     0  startup_stm32f303x8.o(.text)
    TIM1_TRG_COM_TIM17_IRQHandler            0x08000347   Thumb Code     0  startup_stm32f303x8.o(.text)
    TIM1_UP_TIM16_IRQHandler                 0x08000347   Thumb Code     0  startup_stm32f303x8.o(.text)
    TIM2_IRQHandler                          0x08000347   Thumb Code     0  startup_stm32f303x8.o(.text)
    TIM6_DAC1_IRQHandler                     0x08000347   Thumb Code     0  startup_stm32f303x8.o(.text)
    TIM7_DAC2_IRQHandler                     0x08000347   Thumb Code     0  startup_stm32f303x8.o(.text)
    USART2_IRQHandler                        0x08000347   Thumb Code     0  startup_stm32f303x8.o(.text)
    USART3_IRQHandler                        0x08000347   Thumb Code     0  startup_stm32f303x8.o(.text)
    WWDG_IRQHandler                          0x08000347   Thumb Code     0  startup_stm32f303x8.o(.text)
    __user_initial_stackheap                 0x08000349   Thumb Code     0  startup_stm32f303x8.o(.text)
    sprintf                                  0x0800036d   Thumb Code    38  sprintf.o(.text)
    strtol                                   0x08000399   Thumb Code   112  strtol.o(.text)
    strtoul                                  0x08000409   Thumb Code   114  strtoul.o(.text)
    strtok                                   0x0800047d   Thumb Code     6  strtok.o(.text)
    strcmp                                   0x08000489   Thumb Code   124  strcmpv7em.o(.text)
    __use_two_region_memory                  0x08000505   Thumb Code     2  heapauxi.o(.text)
    __rt_heap_escrow$2region                 0x08000507   Thumb Code     2  heapauxi.o(.text)
    __rt_heap_expand$2region                 0x08000509   Thumb Code     2  heapauxi.o(.text)
    __rt_ctype_table                         0x0800050d   Thumb Code    16  rt_ctype_table.o(.text)
    __aeabi_errno_addr                       0x0800051d   Thumb Code     8  rt_errno_addr_intlibspace.o(.text)
    __errno$intlibspace                      0x0800051d   Thumb Code     0  rt_errno_addr_intlibspace.o(.text)
    __rt_errno_addr$intlibspace              0x0800051d   Thumb Code     0  rt_errno_addr_intlibspace.o(.text)
    __read_errno                             0x08000525   Thumb Code    10  _rserrno.o(.text)
    __set_errno                              0x0800052f   Thumb Code    12  _rserrno.o(.text)
    _printf_pre_padding                      0x0800053b   Thumb Code    44  _printf_pad.o(.text)
    _printf_post_padding                     0x08000567   Thumb Code    34  _printf_pad.o(.text)
    _printf_truncate_signed                  0x08000589   Thumb Code    18  _printf_truncate.o(.text)
    _printf_truncate_unsigned                0x0800059b   Thumb Code    18  _printf_truncate.o(.text)
    _printf_str                              0x080005ad   Thumb Code    82  _printf_str.o(.text)
    _printf_int_dec                          0x08000601   Thumb Code   104  _printf_dec.o(.text)
    _printf_charcount                        0x08000679   Thumb Code    40  _printf_charcount.o(.text)
    _printf_char_common                      0x080006ab   Thumb Code    32  _printf_char_common.o(.text)
    _sputc                                   0x080006d1   Thumb Code    10  _sputc.o(.text)
    _printf_wctomb                           0x080006dd   Thumb Code   182  _printf_wctomb.o(.text)
    _printf_longlong_dec                     0x08000799   Thumb Code   108  _printf_longlong_dec.o(.text)
    _printf_longlong_oct                     0x08000815   Thumb Code    68  _printf_oct_int_ll.o(.text)
    _printf_int_oct                          0x08000859   Thumb Code    24  _printf_oct_int_ll.o(.text)
    _printf_ll_oct                           0x08000871   Thumb Code    12  _printf_oct_int_ll.o(.text)
    _printf_longlong_hex                     0x08000885   Thumb Code    86  _printf_hex_int_ll_ptr.o(.text)
    _printf_int_hex                          0x080008db   Thumb Code    28  _printf_hex_int_ll_ptr.o(.text)
    _printf_ll_hex                           0x080008f7   Thumb Code    12  _printf_hex_int_ll_ptr.o(.text)
    _printf_hex_ptr                          0x08000903   Thumb Code    18  _printf_hex_int_ll_ptr.o(.text)
    __printf                                 0x08000919   Thumb Code   388  __printf_flags_ss_wp.o(.text)
    _strtoul                                 0x08000aa1   Thumb Code   158  _strtoul.o(.text)
    __strtod_int                             0x08000b85   Thumb Code    94  strtod.o(.text)
    __strtok_internal                        0x08000bf1   Thumb Code    64  strtok_int.o(.text)
    __user_libspace                          0x08000c35   Thumb Code     8  libspace.o(.text)
    __user_perproc_libspace                  0x08000c35   Thumb Code     0  libspace.o(.text)
    __user_perthread_libspace                0x08000c35   Thumb Code     0  libspace.o(.text)
    __rt_locale                              0x08000c3d   Thumb Code     8  rt_locale_intlibspace.o(.text)
    _ll_udiv10                               0x08000c45   Thumb Code   138  lludiv10.o(.text)
    isspace                                  0x08000ccf   Thumb Code    18  isspace.o(.text)
    _printf_int_common                       0x08000ce1   Thumb Code   178  _printf_intcommon.o(.text)
    _printf_fp_dec_real                      0x08000f43   Thumb Code   620  _printf_fp_dec.o(.text)
    _printf_fp_hex_real                      0x080011b1   Thumb Code   756  _printf_fp_hex.o(.text)
    _printf_cs_common                        0x080014ad   Thumb Code    20  _printf_char.o(.text)
    _printf_char                             0x080014c1   Thumb Code    16  _printf_char.o(.text)
    _printf_string                           0x080014d1   Thumb Code     8  _printf_char.o(.text)
    _printf_lcs_common                       0x080014d9   Thumb Code    20  _printf_wchar.o(.text)
    _printf_wchar                            0x080014ed   Thumb Code    16  _printf_wchar.o(.text)
    _printf_wstring                          0x080014fd   Thumb Code     8  _printf_wchar.o(.text)
    _chval                                   0x08001505   Thumb Code    28  _chval.o(.text)
    _sgetc                                   0x08001521   Thumb Code    30  _sgetc.o(.text)
    _sbackspace                              0x0800153f   Thumb Code    34  _sgetc.o(.text)
    _c16rtomb                                0x08001561   Thumb Code    72  _c16rtomb.o(.text)
    _wcrtomb                                 0x08001561   Thumb Code     0  _c16rtomb.o(.text)
    strcspn                                  0x080015a9   Thumb Code    32  strcspn.o(.text)
    strspn                                   0x080015c9   Thumb Code    28  strspn.o(.text)
    __user_setup_stackheap                   0x080015e5   Thumb Code    74  sys_stackheap_outer.o(.text)
    _printf_fp_infnan                        0x08001631   Thumb Code   112  _printf_fp_infnan.o(.text)
    _scanf_really_real                       0x080018fd   Thumb Code   684  scanf_fp.o(.text)
    _btod_etento                             0x08001ba9   Thumb Code   224  bigflt0.o(.text)
    exit                                     0x08001c8d   Thumb Code    18  exit.o(.text)
    __aeabi_llsl                             0x08001c9f   Thumb Code     0  llshl.o(.text)
    _ll_shift_l                              0x08001c9f   Thumb Code    38  llshl.o(.text)
    _scanf_really_hex_real                   0x08001cc5   Thumb Code   786  scanf_hexfp.o(.text)
    _scanf_really_infnan                     0x08001fe5   Thumb Code   292  scanf_infnan.o(.text)
    _sys_exit                                0x08002119   Thumb Code     8  sys_exit.o(.text)
    __I$use$semihosting                      0x08002125   Thumb Code     0  use_no_semi.o(.text)
    __use_no_semihosting_swi                 0x08002125   Thumb Code     2  use_no_semi.o(.text)
    __semihosting_library_function           0x08002127   Thumb Code     0  indicate_semi.o(.text)
    I2C_Read                                 0x08002129   Thumb Code   212  main.o(.text.I2C_Read)
    I2C_Write                                0x080021fd   Thumb Code   188  main.o(.text.I2C_Write)
    LLedOff                                  0x080022b9   Thumb Code    44  main.o(.text.LLedOff)
    LLedOn                                   0x080022e5   Thumb Code    44  main.o(.text.LLedOn)
    Nokia5110_Clear                          0x08002311   Thumb Code    50  nokia5110.o(.text.Nokia5110_Clear)
    Nokia5110_Init                           0x08002345   Thumb Code   158  nokia5110.o(.text.Nokia5110_Init)
    Nokia5110_OutChar                        0x080023e5   Thumb Code    98  nokia5110.o(.text.Nokia5110_OutChar)
    Nokia5110_OutString                      0x08002449   Thumb Code    36  nokia5110.o(.text.Nokia5110_OutString)
    Nokia5110_SetCursor                      0x0800246d   Thumb Code    76  nokia5110.o(.text.Nokia5110_SetCursor)
    PWM_Init                                 0x080024b9   Thumb Code   184  main.o(.text.PWM_Init)
    PWM_SetDutyCycle                         0x08002571   Thumb Code    72  funciones.o(.text.PWM_SetDutyCycle)
    PWM_SetFrequency                         0x080025b9   Thumb Code   100  funciones.o(.text.PWM_SetFrequency)
    SysTick_Handler                          0x08002671   Thumb Code   250  main.o(.text.SysTick_Handler)
    SystemCoreClockUpdate                    0x0800276d   Thumb Code   272  system_stm32f3xx.o(.text.SystemCoreClockUpdate)
    SystemInit                               0x0800287d   Thumb Code    18  system_stm32f3xx.o(.text.SystemInit)
    TIM3_IRQHandler                          0x08002891   Thumb Code   296  main.o(.text.TIM3_IRQHandler)
    USART1_IRQHandler                        0x080029b9   Thumb Code   138  func_uart.o(.text.USART1_IRQHandler)
    USART_Send                               0x08002a45   Thumb Code    46  func_uart.o(.text.USART_Send)
    USART_config                             0x08002a75   Thumb Code   132  func_uart.o(.text.USART_config)
    USART_putString                          0x08002af9   Thumb Code    36  func_uart.o(.text.USART_putString)
    blockFill                                0x08002b91   Thumb Code   724  funciones.o(.text.blockFill)
    call                                     0x08002e65   Thumb Code    90  funciones.o(.text.call)
    clk_config                               0x08002ec1   Thumb Code   118  main.o(.text.clk_config)
    ioMap                                    0x08002f39   Thumb Code    84  funciones.o(.text.ioMap)
    ioUnmap                                  0x08002f8d   Thumb Code    16  funciones.o(.text.ioUnmap)
    lcdPrint                                 0x08002f9d   Thumb Code   588  funciones.o(.text.lcdPrint)
    main                                     0x08003291   Thumb Code   270  main.o(.text.main)
    memoryDisplay                            0x080033a1   Thumb Code   310  funciones.o(.text.memoryDisplay)
    memoryModify                             0x080034d9   Thumb Code   466  funciones.o(.text.memoryModify)
    mute                                     0x080036ad   Thumb Code    60  funciones.o(.text.mute)
    printTest                                0x080036e9   Thumb Code    16  funciones.o(.text.printTest)
    read_command                             0x080036f9   Thumb Code  1094  main.o(.text.read_command)
    registerDisplay                          0x08003b41   Thumb Code   150  funciones.o(.text.registerDisplay)
    registerModify                           0x08003bd9   Thumb Code   538  funciones.o(.text.registerModify)
    run                                      0x08003df5   Thumb Code    90  funciones.o(.text.run)
    segmentOut                               0x08003e51   Thumb Code    16  funciones.o(.text.segmentOut)
    sound                                    0x08003e61   Thumb Code    84  funciones.o(.text.sound)
    tokenizer                                0x08003eb5   Thumb Code   210  func_uart.o(.text.tokenizer)
    _btod_d2e                                0x08003f87   Thumb Code    62  btod.o(CL$$btod_d2e)
    _d2e_denorm_low                          0x08003fc5   Thumb Code    70  btod.o(CL$$btod_d2e_denorm_low)
    _d2e_norm_op1                            0x0800400b   Thumb Code    96  btod.o(CL$$btod_d2e_norm_op1)
    __btod_div_common                        0x0800406d   Thumb Code   696  btod.o(CL$$btod_div_common)
    _e2d                                     0x080043a5   Thumb Code   122  btod.o(CL$$btod_e2d)
    _e2e                                     0x08004429   Thumb Code   220  btod.o(CL$$btod_e2e)
    _btod_ediv                               0x08004505   Thumb Code    42  btod.o(CL$$btod_ediv)
    _btod_edivd                              0x0800452f   Thumb Code    42  btod.o(CL$$btod_edivd)
    _btod_emul                               0x08004559   Thumb Code    42  btod.o(CL$$btod_emul)
    _btod_emuld                              0x08004583   Thumb Code    42  btod.o(CL$$btod_emuld)
    __btod_mult_common                       0x080045ad   Thumb Code   580  btod.o(CL$$btod_mult_common)
    __ARM_fpclassify                         0x080047f1   Thumb Code    48  fpclassify.o(i.__ARM_fpclassify)
    __hardfp___mathlib_tofloat               0x08004821   Thumb Code   232  narrow.o(i.__hardfp___mathlib_tofloat)
    __hardfp_atof                            0x08004919   Thumb Code    46  atof.o(i.__hardfp_atof)
    __hardfp_ldexp                           0x08004951   Thumb Code   200  ldexp.o(i.__hardfp_ldexp)
    __mathlib_dbl_overflow                   0x08004a21   Thumb Code    24  dunder.o(i.__mathlib_dbl_overflow)
    __mathlib_dbl_underflow                  0x08004a41   Thumb Code    24  dunder.o(i.__mathlib_dbl_underflow)
    __mathlib_narrow                         0x08004a61   Thumb Code    18  narrow.o(i.__mathlib_narrow)
    __support_ldexp                          0x08004a73   Thumb Code    20  ldexp.o(i.__support_ldexp)
    _is_digit                                0x08004a87   Thumb Code    14  __printf_wp.o(i._is_digit)
    frexp                                    0x08004a99   Thumb Code   118  frexp.o(i.frexp)
    _get_lc_ctype                            0x08004b25   Thumb Code    44  lc_ctype_c.o(locale$$code)
    _get_lc_numeric                          0x08004b51   Thumb Code    44  lc_numeric_c.o(locale$$code)
    __aeabi_d2f                              0x08004b7d   Thumb Code     0  d2f.o(x$fpl$d2f)
    _d2f                                     0x08004b7d   Thumb Code    98  d2f.o(x$fpl$d2f)
    __fpl_dcheck_NaN1                        0x08004be1   Thumb Code    10  dcheck1.o(x$fpl$dcheck1)
    __fpl_dcmp_Inf                           0x08004bf1   Thumb Code    24  dcmpi.o(x$fpl$dcmpinf)
    __aeabi_cdcmpeq                          0x08004c09   Thumb Code     0  deqf.o(x$fpl$deqf)
    _dcmpeq                                  0x08004c09   Thumb Code   120  deqf.o(x$fpl$deqf)
    __aeabi_i2d                              0x08004c81   Thumb Code     0  dflt_clz.o(x$fpl$dflt)
    _dflt                                    0x08004c81   Thumb Code    46  dflt_clz.o(x$fpl$dflt)
    __aeabi_cdcmple                          0x08004cb1   Thumb Code     0  dleqf.o(x$fpl$dleqf)
    _dcmple                                  0x08004cb1   Thumb Code   120  dleqf.o(x$fpl$dleqf)
    __fpl_dcmple_InfNaN                      0x08004d13   Thumb Code     0  dleqf.o(x$fpl$dleqf)
    __aeabi_dmul                             0x08004d29   Thumb Code     0  dmul.o(x$fpl$dmul)
    _dmul                                    0x08004d29   Thumb Code   332  dmul.o(x$fpl$dmul)
    __fpl_dnaninf                            0x08004e7d   Thumb Code   156  dnaninf.o(x$fpl$dnaninf)
    __fpl_dretinf                            0x08004f19   Thumb Code    12  dretinf.o(x$fpl$dretinf)
    __aeabi_cdrcmple                         0x08004f25   Thumb Code     0  drleqf.o(x$fpl$drleqf)
    _drcmple                                 0x08004f25   Thumb Code   108  drleqf.o(x$fpl$drleqf)
    _fp_init                                 0x08004f91   Thumb Code    26  fpinit.o(x$fpl$fpinit)
    __fplib_config_fpu_vfp                   0x08004fa9   Thumb Code     0  fpinit.o(x$fpl$fpinit)
    __fplib_config_pureend_doubles           0x08004fa9   Thumb Code     0  fpinit.o(x$fpl$fpinit)
    __fpl_fretinf                            0x08004fab   Thumb Code    10  fretinf.o(x$fpl$fretinf)
    __ieee_status                            0x08004fb5   Thumb Code     6  istatus.o(x$fpl$ieeestatus)
    _printf_fp_dec                           0x08004fbb   Thumb Code     4  printf1.o(x$fpl$printf1)
    _printf_fp_hex                           0x08004fbf   Thumb Code     4  printf2.o(x$fpl$printf2)
    __fpl_return_NaN                         0x08004fc3   Thumb Code   100  retnan.o(x$fpl$retnan)
    __ARM_scalbn                             0x08005027   Thumb Code    92  scalbn.o(x$fpl$scalbn)
    _scanf_real                              0x08005083   Thumb Code     4  scanf1.o(x$fpl$scanf1)
    _scanf_hex_real                          0x08005087   Thumb Code     4  scanf2.o(x$fpl$scanf2)
    _scanf_infnan                            0x0800508b   Thumb Code     4  scanf2.o(x$fpl$scanf2)
    __fpl_cmpreturn                          0x0800508f   Thumb Code    48  trapv.o(x$fpl$trapveneer)
    __I$use$fp                               0x080050be   Number         0  usenofp.o(x$fpl$usenofp)
    AHBPrescTable                            0x080051bc   Data          16  system_stm32f3xx.o(.rodata.AHBPrescTable)
    ASCII                                    0x080051cc   Data         480  nokia5110.o(.rodata.ASCII)
    Region$$Table$$Base                      0x08005954   Number         0  anon$$obj.o(Region$$Table)
    Region$$Table$$Limit                     0x08005974   Number         0  anon$$obj.o(Region$$Table)
    __aeabi_HUGE_VAL                         0x08005974   Data           0  fpconst.o(c$$dinf)
    __aeabi_HUGE_VALL                        0x08005974   Data           0  fpconst.o(c$$dinf)
    __aeabi_INFINITY                         0x08005974   Data           0  fpconst.o(c$$dinf)
    __dInf                                   0x08005974   Data           0  fpconst.o(c$$dinf)
    __huge_val                               0x08005974   Data           0  fpconst.o(c$$dinf)
    __dbl_max                                0x0800597c   Data           0  fpconst.o(c$$dmax)
    __ctype                                  0x08005991   Data           0  lc_ctype_c.o(locale$$data)
    SystemCoreClock                          0x20000004   Data           4  system_stm32f3xx.o(.data.SystemCoreClock)
    tokens                                   0x20000008   Data          96  func_uart.o(.data.tokens)
    __libspace_start                         0x20000068   Data          96  libspace.o(.bss)
    __temporary_stack_top$libspace           0x200000c8   Data           0  libspace.o(.bss)
    cmd_ready                                0x200000de   Data           1  func_uart.o(.bss.cmd_ready)
    data                                     0x200000df   Data           1  func_uart.o(.bss.data)
    n                                        0x20000150   Data           1  func_uart.o(.bss.n)
    rx_buffer                                0x200001a0   Data          64  func_uart.o(.bss.rx_buffer)
    tx_buffer                                0x200001e4   Data          64  func_uart.o(.bss.tx_buffer)



==============================================================================

Memory Map of the image

  Image Entry point : 0x0800032d

  Load Region LR_1 (Base: 0x08000000, Size: 0x00005b18, Max: 0xffffffff, ABSOLUTE)

    Execution Region ER_RO (Exec base: 0x08000000, Load base: 0x08000000, Size: 0x00005ab0, Max: 0xffffffff, ABSOLUTE)

    Exec Addr    Load Addr    Size         Type   Attr      Idx    E Section Name        Object

    0x08000000   0x08000000   0x00000188   Data   RO          158    RESET               startup_stm32f303x8.o
    0x08000188   0x08000188   0x00000008   Code   RO          192  * !!!main             c_w.l(__main.o)
    0x08000190   0x08000190   0x00000034   Code   RO          661    !!!scatter          c_w.l(__scatter.o)
    0x080001c4   0x080001c4   0x0000001a   Code   RO          663    !!handler_copy      c_w.l(__scatter_copy.o)
    0x080001de   0x080001de   0x00000002   PAD
    0x080001e0   0x080001e0   0x0000001c   Code   RO          665    !!handler_zi        c_w.l(__scatter_zi.o)
    0x080001fc   0x080001fc   0x00000000   Code   RO          301    .ARM.Collect$$_printf_percent$$00000000  c_w.l(_printf_percent.o)
    0x080001fc   0x080001fc   0x00000006   Code   RO          290    .ARM.Collect$$_printf_percent$$00000001  c_w.l(_printf_n.o)
    0x08000202   0x08000202   0x00000006   Code   RO          292    .ARM.Collect$$_printf_percent$$00000002  c_w.l(_printf_p.o)
    0x08000208   0x08000208   0x00000006   Code   RO          297    .ARM.Collect$$_printf_percent$$00000003  c_w.l(_printf_f.o)
    0x0800020e   0x0800020e   0x00000006   Code   RO          298    .ARM.Collect$$_printf_percent$$00000004  c_w.l(_printf_e.o)
    0x08000214   0x08000214   0x00000006   Code   RO          299    .ARM.Collect$$_printf_percent$$00000005  c_w.l(_printf_g.o)
    0x0800021a   0x0800021a   0x00000006   Code   RO          300    .ARM.Collect$$_printf_percent$$00000006  c_w.l(_printf_a.o)
    0x08000220   0x08000220   0x0000000a   Code   RO          305    .ARM.Collect$$_printf_percent$$00000007  c_w.l(_printf_ll.o)
    0x0800022a   0x0800022a   0x00000006   Code   RO          294    .ARM.Collect$$_printf_percent$$00000008  c_w.l(_printf_i.o)
    0x08000230   0x08000230   0x00000006   Code   RO          295    .ARM.Collect$$_printf_percent$$00000009  c_w.l(_printf_d.o)
    0x08000236   0x08000236   0x00000006   Code   RO          296    .ARM.Collect$$_printf_percent$$0000000A  c_w.l(_printf_u.o)
    0x0800023c   0x0800023c   0x00000006   Code   RO          293    .ARM.Collect$$_printf_percent$$0000000B  c_w.l(_printf_o.o)
    0x08000242   0x08000242   0x00000006   Code   RO          291    .ARM.Collect$$_printf_percent$$0000000C  c_w.l(_printf_x.o)
    0x08000248   0x08000248   0x00000006   Code   RO          302    .ARM.Collect$$_printf_percent$$0000000D  c_w.l(_printf_lli.o)
    0x0800024e   0x0800024e   0x00000006   Code   RO          303    .ARM.Collect$$_printf_percent$$0000000E  c_w.l(_printf_lld.o)
    0x08000254   0x08000254   0x00000006   Code   RO          304    .ARM.Collect$$_printf_percent$$0000000F  c_w.l(_printf_llu.o)
    0x0800025a   0x0800025a   0x00000006   Code   RO          309    .ARM.Collect$$_printf_percent$$00000010  c_w.l(_printf_llo.o)
    0x08000260   0x08000260   0x00000006   Code   RO          310    .ARM.Collect$$_printf_percent$$00000011  c_w.l(_printf_llx.o)
    0x08000266   0x08000266   0x0000000a   Code   RO          306    .ARM.Collect$$_printf_percent$$00000012  c_w.l(_printf_l.o)
    0x08000270   0x08000270   0x00000006   Code   RO          288    .ARM.Collect$$_printf_percent$$00000013  c_w.l(_printf_c.o)
    0x08000276   0x08000276   0x00000006   Code   RO          289    .ARM.Collect$$_printf_percent$$00000014  c_w.l(_printf_s.o)
    0x0800027c   0x0800027c   0x00000006   Code   RO          307    .ARM.Collect$$_printf_percent$$00000015  c_w.l(_printf_lc.o)
    0x08000282   0x08000282   0x00000006   Code   RO          308    .ARM.Collect$$_printf_percent$$00000016  c_w.l(_printf_ls.o)
    0x08000288   0x08000288   0x00000004   Code   RO          374    .ARM.Collect$$_printf_percent$$00000017  c_w.l(_printf_percent_end.o)
    0x0800028c   0x0800028c   0x00000002   Code   RO          435    .ARM.Collect$$libinit$$00000000  c_w.l(libinit.o)
    0x0800028e   0x0800028e   0x00000004   Code   RO          436    .ARM.Collect$$libinit$$00000001  c_w.l(libinit2.o)
    0x08000292   0x08000292   0x00000000   Code   RO          439    .ARM.Collect$$libinit$$00000004  c_w.l(libinit2.o)
    0x08000292   0x08000292   0x00000000   Code   RO          441    .ARM.Collect$$libinit$$00000006  c_w.l(libinit2.o)
    0x08000292   0x08000292   0x00000000   Code   RO          444    .ARM.Collect$$libinit$$0000000C  c_w.l(libinit2.o)
    0x08000292   0x08000292   0x00000000   Code   RO          446    .ARM.Collect$$libinit$$0000000E  c_w.l(libinit2.o)
    0x08000292   0x08000292   0x00000000   Code   RO          448    .ARM.Collect$$libinit$$00000010  c_w.l(libinit2.o)
    0x08000292   0x08000292   0x00000006   Code   RO          449    .ARM.Collect$$libinit$$00000011  c_w.l(libinit2.o)
    0x08000298   0x08000298   0x00000000   Code   RO          451    .ARM.Collect$$libinit$$00000013  c_w.l(libinit2.o)
    0x08000298   0x08000298   0x0000000c   Code   RO          452    .ARM.Collect$$libinit$$00000014  c_w.l(libinit2.o)
    0x080002a4   0x080002a4   0x00000000   Code   RO          453    .ARM.Collect$$libinit$$00000015  c_w.l(libinit2.o)
    0x080002a4   0x080002a4   0x00000000   Code   RO          455    .ARM.Collect$$libinit$$00000017  c_w.l(libinit2.o)
    0x080002a4   0x080002a4   0x0000000a   Code   RO          456    .ARM.Collect$$libinit$$00000018  c_w.l(libinit2.o)
    0x080002ae   0x080002ae   0x00000000   Code   RO          457    .ARM.Collect$$libinit$$00000019  c_w.l(libinit2.o)
    0x080002ae   0x080002ae   0x00000000   Code   RO          459    .ARM.Collect$$libinit$$0000001B  c_w.l(libinit2.o)
    0x080002ae   0x080002ae   0x00000000   Code   RO          461    .ARM.Collect$$libinit$$0000001D  c_w.l(libinit2.o)
    0x080002ae   0x080002ae   0x00000000   Code   RO          463    .ARM.Collect$$libinit$$0000001F  c_w.l(libinit2.o)
    0x080002ae   0x080002ae   0x00000000   Code   RO          465    .ARM.Collect$$libinit$$00000021  c_w.l(libinit2.o)
    0x080002ae   0x080002ae   0x00000000   Code   RO          467    .ARM.Collect$$libinit$$00000023  c_w.l(libinit2.o)
    0x080002ae   0x080002ae   0x00000000   Code   RO          469    .ARM.Collect$$libinit$$00000025  c_w.l(libinit2.o)
    0x080002ae   0x080002ae   0x00000000   Code   RO          471    .ARM.Collect$$libinit$$00000027  c_w.l(libinit2.o)
    0x080002ae   0x080002ae   0x00000000   Code   RO          475    .ARM.Collect$$libinit$$0000002E  c_w.l(libinit2.o)
    0x080002ae   0x080002ae   0x00000000   Code   RO          477    .ARM.Collect$$libinit$$00000030  c_w.l(libinit2.o)
    0x080002ae   0x080002ae   0x00000000   Code   RO          479    .ARM.Collect$$libinit$$00000032  c_w.l(libinit2.o)
    0x080002ae   0x080002ae   0x00000000   Code   RO          481    .ARM.Collect$$libinit$$00000034  c_w.l(libinit2.o)
    0x080002ae   0x080002ae   0x00000002   Code   RO          482    .ARM.Collect$$libinit$$00000035  c_w.l(libinit2.o)
    0x080002b0   0x080002b0   0x00000002   Code   RO          563    .ARM.Collect$$libshutdown$$00000000  c_w.l(libshutdown.o)
    0x080002b2   0x080002b2   0x00000000   Code   RO          586    .ARM.Collect$$libshutdown$$00000002  c_w.l(libshutdown2.o)
    0x080002b2   0x080002b2   0x00000000   Code   RO          588    .ARM.Collect$$libshutdown$$00000004  c_w.l(libshutdown2.o)
    0x080002b2   0x080002b2   0x00000000   Code   RO          591    .ARM.Collect$$libshutdown$$00000007  c_w.l(libshutdown2.o)
    0x080002b2   0x080002b2   0x00000000   Code   RO          594    .ARM.Collect$$libshutdown$$0000000A  c_w.l(libshutdown2.o)
    0x080002b2   0x080002b2   0x00000000   Code   RO          596    .ARM.Collect$$libshutdown$$0000000C  c_w.l(libshutdown2.o)
    0x080002b2   0x080002b2   0x00000000   Code   RO          599    .ARM.Collect$$libshutdown$$0000000F  c_w.l(libshutdown2.o)
    0x080002b2   0x080002b2   0x00000002   Code   RO          600    .ARM.Collect$$libshutdown$$00000010  c_w.l(libshutdown2.o)
    0x080002b4   0x080002b4   0x00000000   Code   RO          210    .ARM.Collect$$rtentry$$00000000  c_w.l(__rtentry.o)
    0x080002b4   0x080002b4   0x00000000   Code   RO          336    .ARM.Collect$$rtentry$$00000002  c_w.l(__rtentry2.o)
    0x080002b4   0x080002b4   0x00000006   Code   RO          348    .ARM.Collect$$rtentry$$00000004  c_w.l(__rtentry4.o)
    0x080002ba   0x080002ba   0x00000000   Code   RO          338    .ARM.Collect$$rtentry$$00000009  c_w.l(__rtentry2.o)
    0x080002ba   0x080002ba   0x00000004   Code   RO          339    .ARM.Collect$$rtentry$$0000000A  c_w.l(__rtentry2.o)
    0x080002be   0x080002be   0x00000000   Code   RO          341    .ARM.Collect$$rtentry$$0000000C  c_w.l(__rtentry2.o)
    0x080002be   0x080002be   0x00000008   Code   RO          342    .ARM.Collect$$rtentry$$0000000D  c_w.l(__rtentry2.o)
    0x080002c6   0x080002c6   0x00000002   Code   RO          487    .ARM.Collect$$rtexit$$00000000  c_w.l(rtexit.o)
    0x080002c8   0x080002c8   0x00000000   Code   RO          521    .ARM.Collect$$rtexit$$00000002  c_w.l(rtexit2.o)
    0x080002c8   0x080002c8   0x00000004   Code   RO          522    .ARM.Collect$$rtexit$$00000003  c_w.l(rtexit2.o)
    0x080002cc   0x080002cc   0x00000006   Code   RO          523    .ARM.Collect$$rtexit$$00000004  c_w.l(rtexit2.o)
    0x080002d2   0x080002d2   0x00000002   PAD
    0x080002d4   0x080002d4   0x00000058   Code   RO          101    .text               funciones_1.o
    0x0800032c   0x0800032c   0x00000040   Code   RO          159  * .text               startup_stm32f303x8.o
    0x0800036c   0x0800036c   0x0000002c   Code   RO          179    .text               c_w.l(sprintf.o)
    0x08000398   0x08000398   0x00000070   Code   RO          181    .text               c_w.l(strtol.o)
    0x08000408   0x08000408   0x00000072   Code   RO          183    .text               c_w.l(strtoul.o)
    0x0800047a   0x0800047a   0x00000002   PAD
    0x0800047c   0x0800047c   0x0000000c   Code   RO          185    .text               c_w.l(strtok.o)
    0x08000488   0x08000488   0x0000007c   Code   RO          188    .text               c_w.l(strcmpv7em.o)
    0x08000504   0x08000504   0x00000006   Code   RO          190    .text               c_w.l(heapauxi.o)
    0x0800050a   0x0800050a   0x00000002   PAD
    0x0800050c   0x0800050c   0x00000010   Code   RO          211    .text               c_w.l(rt_ctype_table.o)
    0x0800051c   0x0800051c   0x00000008   Code   RO          216    .text               c_w.l(rt_errno_addr_intlibspace.o)
    0x08000524   0x08000524   0x00000016   Code   RO          218    .text               c_w.l(_rserrno.o)
    0x0800053a   0x0800053a   0x0000004e   Code   RO          222    .text               c_w.l(_printf_pad.o)
    0x08000588   0x08000588   0x00000024   Code   RO          224    .text               c_w.l(_printf_truncate.o)
    0x080005ac   0x080005ac   0x00000052   Code   RO          226    .text               c_w.l(_printf_str.o)
    0x080005fe   0x080005fe   0x00000002   PAD
    0x08000600   0x08000600   0x00000078   Code   RO          228    .text               c_w.l(_printf_dec.o)
    0x08000678   0x08000678   0x00000028   Code   RO          230    .text               c_w.l(_printf_charcount.o)
    0x080006a0   0x080006a0   0x00000030   Code   RO          232    .text               c_w.l(_printf_char_common.o)
    0x080006d0   0x080006d0   0x0000000a   Code   RO          234    .text               c_w.l(_sputc.o)
    0x080006da   0x080006da   0x00000002   PAD
    0x080006dc   0x080006dc   0x000000bc   Code   RO          236    .text               c_w.l(_printf_wctomb.o)
    0x08000798   0x08000798   0x0000007c   Code   RO          239    .text               c_w.l(_printf_longlong_dec.o)
    0x08000814   0x08000814   0x00000070   Code   RO          245    .text               c_w.l(_printf_oct_int_ll.o)
    0x08000884   0x08000884   0x00000094   Code   RO          265    .text               c_w.l(_printf_hex_int_ll_ptr.o)
    0x08000918   0x08000918   0x00000188   Code   RO          285    .text               c_w.l(__printf_flags_ss_wp.o)
    0x08000aa0   0x08000aa0   0x0000009e   Code   RO          311    .text               c_w.l(_strtoul.o)
    0x08000b3e   0x08000b3e   0x00000002   PAD
    0x08000b40   0x08000b40   0x000000b0   Code   RO          313    .text               c_w.l(strtod.o)
    0x08000bf0   0x08000bf0   0x00000044   Code   RO          315    .text               c_w.l(strtok_int.o)
    0x08000c34   0x08000c34   0x00000008   Code   RO          332    .text               c_w.l(libspace.o)
    0x08000c3c   0x08000c3c   0x00000008   Code   RO          353    .text               c_w.l(rt_locale_intlibspace.o)
    0x08000c44   0x08000c44   0x0000008a   Code   RO          355    .text               c_w.l(lludiv10.o)
    0x08000cce   0x08000cce   0x00000012   Code   RO          357    .text               c_w.l(isspace.o)
    0x08000ce0   0x08000ce0   0x000000b2   Code   RO          359    .text               c_w.l(_printf_intcommon.o)
    0x08000d92   0x08000d92   0x0000041c   Code   RO          361    .text               c_w.l(_printf_fp_dec.o)
    0x080011ae   0x080011ae   0x00000002   PAD
    0x080011b0   0x080011b0   0x000002fc   Code   RO          365    .text               c_w.l(_printf_fp_hex.o)
    0x080014ac   0x080014ac   0x0000002c   Code   RO          370    .text               c_w.l(_printf_char.o)
    0x080014d8   0x080014d8   0x0000002c   Code   RO          372    .text               c_w.l(_printf_wchar.o)
    0x08001504   0x08001504   0x0000001c   Code   RO          375    .text               c_w.l(_chval.o)
    0x08001520   0x08001520   0x00000040   Code   RO          377    .text               c_w.l(_sgetc.o)
    0x08001560   0x08001560   0x00000048   Code   RO          379    .text               c_w.l(_c16rtomb.o)
    0x080015a8   0x080015a8   0x00000020   Code   RO          387    .text               c_w.l(strcspn.o)
    0x080015c8   0x080015c8   0x0000001c   Code   RO          389    .text               c_w.l(strspn.o)
    0x080015e4   0x080015e4   0x0000004a   Code   RO          393    .text               c_w.l(sys_stackheap_outer.o)
    0x0800162e   0x0800162e   0x00000002   PAD
    0x08001630   0x08001630   0x00000080   Code   RO          395    .text               c_w.l(_printf_fp_infnan.o)
    0x080016b0   0x080016b0   0x000004f8   Code   RO          397    .text               c_w.l(scanf_fp.o)
    0x08001ba8   0x08001ba8   0x000000e4   Code   RO          401    .text               c_w.l(bigflt0.o)
    0x08001c8c   0x08001c8c   0x00000012   Code   RO          428    .text               c_w.l(exit.o)
    0x08001c9e   0x08001c9e   0x00000026   Code   RO          489    .text               c_w.l(llshl.o)
    0x08001cc4   0x08001cc4   0x00000320   Code   RO          529    .text               c_w.l(scanf_hexfp.o)
    0x08001fe4   0x08001fe4   0x00000134   Code   RO          531    .text               c_w.l(scanf_infnan.o)
    0x08002118   0x08002118   0x0000000c   Code   RO          549    .text               c_w.l(sys_exit.o)
    0x08002124   0x08002124   0x00000002   Code   RO          576    .text               c_w.l(use_no_semi.o)
    0x08002126   0x08002126   0x00000000   Code   RO          578    .text               c_w.l(indicate_semi.o)
    0x08002126   0x08002126   0x00000002   PAD
    0x08002128   0x08002128   0x000000d4   Code   RO           14    .text.I2C_Read      main.o
    0x080021fc   0x080021fc   0x000000bc   Code   RO           16    .text.I2C_Write     main.o
    0x080022b8   0x080022b8   0x0000002c   Code   RO           26    .text.LLedOff       main.o
    0x080022e4   0x080022e4   0x0000002c   Code   RO           24    .text.LLedOn        main.o
    0x08002310   0x08002310   0x00000032   Code   RO          145    .text.Nokia5110_Clear  nokia5110.o
    0x08002342   0x08002342   0x00000002   PAD
    0x08002344   0x08002344   0x0000009e   Code   RO          133    .text.Nokia5110_Init  nokia5110.o
    0x080023e2   0x080023e2   0x00000002   PAD
    0x080023e4   0x080023e4   0x00000062   Code   RO          137    .text.Nokia5110_OutChar  nokia5110.o
    0x08002446   0x08002446   0x00000002   PAD
    0x08002448   0x08002448   0x00000024   Code   RO          141    .text.Nokia5110_OutString  nokia5110.o
    0x0800246c   0x0800246c   0x0000004c   Code   RO          143    .text.Nokia5110_SetCursor  nokia5110.o
    0x080024b8   0x080024b8   0x000000b8   Code   RO            6    .text.PWM_Init      main.o
    0x08002570   0x08002570   0x00000048   Code   RO           76    .text.PWM_SetDutyCycle  funciones.o
    0x080025b8   0x080025b8   0x00000064   Code   RO           72    .text.PWM_SetFrequency  funciones.o
    0x0800261c   0x0800261c   0x00000052   Code   RO            8    .text.SysTick_Config  main.o
    0x0800266e   0x0800266e   0x00000002   PAD
    0x08002670   0x08002670   0x000000fa   Code   RO           12    .text.SysTick_Handler  main.o
    0x0800276a   0x0800276a   0x00000002   PAD
    0x0800276c   0x0800276c   0x00000110   Code   RO          166    .text.SystemCoreClockUpdate  system_stm32f3xx.o
    0x0800287c   0x0800287c   0x00000012   Code   RO          164    .text.SystemInit    system_stm32f3xx.o
    0x0800288e   0x0800288e   0x00000002   PAD
    0x08002890   0x08002890   0x00000128   Code   RO           18    .text.TIM3_IRQHandler  main.o
    0x080029b8   0x080029b8   0x0000008a   Code   RO          111    .text.USART1_IRQHandler  func_uart.o
    0x08002a42   0x08002a42   0x00000002   PAD
    0x08002a44   0x08002a44   0x0000002e   Code   RO          113    .text.USART_Send    func_uart.o
    0x08002a72   0x08002a72   0x00000002   PAD
    0x08002a74   0x08002a74   0x00000084   Code   RO          107    .text.USART_config  func_uart.o
    0x08002af8   0x08002af8   0x00000024   Code   RO          115    .text.USART_putString  func_uart.o
    0x08002b1c   0x08002b1c   0x00000030   Code   RO          109    .text.__NVIC_EnableIRQ  func_uart.o
    0x08002b4c   0x08002b4c   0x00000042   Code   RO           28    .text.__NVIC_SetPriority  main.o
    0x08002b8e   0x08002b8e   0x00000002   PAD
    0x08002b90   0x08002b90   0x000002d4   Code   RO           56    .text.blockFill     funciones.o
    0x08002e64   0x08002e64   0x0000005a   Code   RO           60    .text.call          funciones.o
    0x08002ebe   0x08002ebe   0x00000002   PAD
    0x08002ec0   0x08002ec0   0x00000076   Code   RO            4    .text.clk_config    main.o
    0x08002f36   0x08002f36   0x00000002   PAD
    0x08002f38   0x08002f38   0x00000054   Code   RO           62    .text.ioMap         funciones.o
    0x08002f8c   0x08002f8c   0x00000010   Code   RO           64    .text.ioUnmap       funciones.o
    0x08002f9c   0x08002f9c   0x0000024c   Code   RO           68    .text.lcdPrint      funciones.o
    0x080031e8   0x080031e8   0x00000048   Code   RO          135    .text.lcd_command   nokia5110.o
    0x08003230   0x08003230   0x0000005e   Code   RO          139    .text.lcd_data      nokia5110.o
    0x0800328e   0x0800328e   0x00000002   PAD
    0x08003290   0x08003290   0x0000010e   Code   RO            2    .text.main          main.o
    0x0800339e   0x0800339e   0x00000002   PAD
    0x080033a0   0x080033a0   0x00000136   Code   RO           52    .text.memoryDisplay  funciones.o
    0x080034d6   0x080034d6   0x00000002   PAD
    0x080034d8   0x080034d8   0x000001d2   Code   RO           54    .text.memoryModify  funciones.o
    0x080036aa   0x080036aa   0x00000002   PAD
    0x080036ac   0x080036ac   0x0000003c   Code   RO           74    .text.mute          funciones.o
    0x080036e8   0x080036e8   0x00000010   Code   RO           46    .text.printTest     funciones.o
    0x080036f8   0x080036f8   0x00000446   Code   RO           10    .text.read_command  main.o
    0x08003b3e   0x08003b3e   0x00000002   PAD
    0x08003b40   0x08003b40   0x00000096   Code   RO           48    .text.registerDisplay  funciones.o
    0x08003bd6   0x08003bd6   0x00000002   PAD
    0x08003bd8   0x08003bd8   0x0000021a   Code   RO           50    .text.registerModify  funciones.o
    0x08003df2   0x08003df2   0x00000002   PAD
    0x08003df4   0x08003df4   0x0000005a   Code   RO           58    .text.run           funciones.o
    0x08003e4e   0x08003e4e   0x00000002   PAD
    0x08003e50   0x08003e50   0x00000010   Code   RO           66    .text.segmentOut    funciones.o
    0x08003e60   0x08003e60   0x00000054   Code   RO           70    .text.sound         funciones.o
    0x08003eb4   0x08003eb4   0x000000d2   Code   RO          117    .text.tokenizer     func_uart.o
    0x08003f86   0x08003f86   0x0000003e   Code   RO          404    CL$$btod_d2e        c_w.l(btod.o)
    0x08003fc4   0x08003fc4   0x00000046   Code   RO          406    CL$$btod_d2e_denorm_low  c_w.l(btod.o)
    0x0800400a   0x0800400a   0x00000060   Code   RO          405    CL$$btod_d2e_norm_op1  c_w.l(btod.o)
    0x0800406a   0x0800406a   0x00000002   PAD
    0x0800406c   0x0800406c   0x00000338   Code   RO          414    CL$$btod_div_common  c_w.l(btod.o)
    0x080043a4   0x080043a4   0x00000084   Code   RO          412    CL$$btod_e2d        c_w.l(btod.o)
    0x08004428   0x08004428   0x000000dc   Code   RO          411    CL$$btod_e2e        c_w.l(btod.o)
    0x08004504   0x08004504   0x0000002a   Code   RO          408    CL$$btod_ediv       c_w.l(btod.o)
    0x0800452e   0x0800452e   0x0000002a   Code   RO          410    CL$$btod_edivd      c_w.l(btod.o)
    0x08004558   0x08004558   0x0000002a   Code   RO          407    CL$$btod_emul       c_w.l(btod.o)
    0x08004582   0x08004582   0x0000002a   Code   RO          409    CL$$btod_emuld      c_w.l(btod.o)
    0x080045ac   0x080045ac   0x00000244   Code   RO          413    CL$$btod_mult_common  c_w.l(btod.o)
    0x080047f0   0x080047f0   0x00000030   Code   RO          485    i.__ARM_fpclassify  m_wm.l(fpclassify.o)
    0x08004820   0x08004820   0x000000f8   Code   RO          512    i.__hardfp___mathlib_tofloat  m_wm.l(narrow.o)
    0x08004918   0x08004918   0x00000038   Code   RO          204    i.__hardfp_atof     m_wm.l(atof.o)
    0x08004950   0x08004950   0x000000d0   Code   RO          568    i.__hardfp_ldexp    m_wm.l(ldexp.o)
    0x08004a20   0x08004a20   0x00000020   Code   RO          607    i.__mathlib_dbl_overflow  m_wm.l(dunder.o)
    0x08004a40   0x08004a40   0x00000020   Code   RO          609    i.__mathlib_dbl_underflow  m_wm.l(dunder.o)
    0x08004a60   0x08004a60   0x00000012   Code   RO          513    i.__mathlib_narrow  m_wm.l(narrow.o)
    0x08004a72   0x08004a72   0x00000014   Code   RO          570    i.__support_ldexp   m_wm.l(ldexp.o)
    0x08004a86   0x08004a86   0x0000000e   Code   RO          278    i._is_digit         c_w.l(__printf_wp.o)
    0x08004a94   0x08004a94   0x00000004   PAD
    0x08004a98   0x08004a98   0x0000008c   Code   RO          543    i.frexp             m_wm.l(frexp.o)
    0x08004b24   0x08004b24   0x0000002c   Code   RO          382    locale$$code        c_w.l(lc_ctype_c.o)
    0x08004b50   0x08004b50   0x0000002c   Code   RO          385    locale$$code        c_w.l(lc_numeric_c.o)
    0x08004b7c   0x08004b7c   0x00000062   Code   RO          194    x$fpl$d2f           fz_wm.l(d2f.o)
    0x08004bde   0x08004bde   0x00000002   PAD
    0x08004be0   0x08004be0   0x00000010   Code   RO          627    x$fpl$dcheck1       fz_wm.l(dcheck1.o)
    0x08004bf0   0x08004bf0   0x00000018   Code   RO          564    x$fpl$dcmpinf       fz_wm.l(dcmpi.o)
    0x08004c08   0x08004c08   0x00000078   Code   RO          537    x$fpl$deqf          fz_wm.l(deqf.o)
    0x08004c80   0x08004c80   0x0000002e   Code   RO          197    x$fpl$dflt          fz_wm.l(dflt_clz.o)
    0x08004cae   0x08004cae   0x00000002   PAD
    0x08004cb0   0x08004cb0   0x00000078   Code   RO          566    x$fpl$dleqf         fz_wm.l(dleqf.o)
    0x08004d28   0x08004d28   0x00000154   Code   RO          202    x$fpl$dmul          fz_wm.l(dmul.o)
    0x08004e7c   0x08004e7c   0x0000009c   Code   RO          317    x$fpl$dnaninf       fz_wm.l(dnaninf.o)
    0x08004f18   0x08004f18   0x0000000c   Code   RO          319    x$fpl$dretinf       fz_wm.l(dretinf.o)
    0x08004f24   0x08004f24   0x0000006c   Code   RO          539    x$fpl$drleqf        fz_wm.l(drleqf.o)
    0x08004f90   0x08004f90   0x0000001a   Code   RO          504    x$fpl$fpinit        fz_wm.l(fpinit.o)
    0x08004faa   0x08004faa   0x0000000a   Code   RO          321    x$fpl$fretinf       fz_wm.l(fretinf.o)
    0x08004fb4   0x08004fb4   0x00000006   Code   RO          483    x$fpl$ieeestatus    fz_wm.l(istatus.o)
    0x08004fba   0x08004fba   0x00000004   Code   RO          323    x$fpl$printf1       fz_wm.l(printf1.o)
    0x08004fbe   0x08004fbe   0x00000004   Code   RO          325    x$fpl$printf2       fz_wm.l(printf2.o)
    0x08004fc2   0x08004fc2   0x00000064   Code   RO          639    x$fpl$retnan        fz_wm.l(retnan.o)
    0x08005026   0x08005026   0x0000005c   Code   RO          601    x$fpl$scalbn        fz_wm.l(scalbn.o)
    0x08005082   0x08005082   0x00000004   Code   RO          391    x$fpl$scanf1        fz_wm.l(scanf1.o)
    0x08005086   0x08005086   0x00000008   Code   RO          506    x$fpl$scanf2        fz_wm.l(scanf2.o)
    0x0800508e   0x0800508e   0x00000030   Code   RO          657    x$fpl$trapveneer    fz_wm.l(trapv.o)
    0x080050be   0x080050be   0x00000000   Code   RO          331    x$fpl$usenofp       fz_wm.l(usenofp.o)
    0x080050be   0x080050be   0x00000002   PAD
    0x080050c0   0x080050c0   0x00000008   Data   RO          237    .constdata          c_w.l(_printf_wctomb.o)
    0x080050c8   0x080050c8   0x00000028   Data   RO          266    .constdata          c_w.l(_printf_hex_int_ll_ptr.o)
    0x080050f0   0x080050f0   0x00000011   Data   RO          286    .constdata          c_w.l(__printf_flags_ss_wp.o)
    0x08005101   0x08005101   0x00000026   Data   RO          366    .constdata          c_w.l(_printf_fp_hex.o)
    0x08005127   0x08005127   0x00000001   PAD
    0x08005128   0x08005128   0x00000094   Data   RO          402    .constdata          c_w.l(bigflt0.o)
    0x080051bc   0x080051bc   0x00000010   Data   RO          169    .rodata.AHBPrescTable  system_stm32f3xx.o
    0x080051cc   0x080051cc   0x000001e0   Data   RO          149    .rodata.ASCII       nokia5110.o
    0x080053ac   0x080053ac   0x00000255   Data   RO           30    .rodata.str1.1      main.o
    0x08005601   0x08005601   0x00000351   Data   RO           80    .rodata.str1.1      funciones.o
    0x08005952   0x08005952   0x00000002   PAD
    0x08005954   0x08005954   0x00000020   Data   RO          660    Region$$Table       anon$$obj.o
    0x08005974   0x08005974   0x00000008   Data   RO          500    c$$dinf             fz_wm.l(fpconst.o)
    0x0800597c   0x0800597c   0x00000008   Data   RO          503    c$$dmax             fz_wm.l(fpconst.o)
    0x08005984   0x08005984   0x00000110   Data   RO          381    locale$$data        c_w.l(lc_ctype_c.o)
    0x08005a94   0x08005a94   0x0000001c   Data   RO          384    locale$$data        c_w.l(lc_numeric_c.o)


    Execution Region ER_RW (Exec base: 0x20000000, Load base: 0x08005ab0, Size: 0x00000068, Max: 0xffffffff, ABSOLUTE)

    Exec Addr    Load Addr    Size         Type   Attr      Idx    E Section Name        Object

    0x20000000   0x08005ab0   0x00000004   Data   RW          186    .data               c_w.l(strtok.o)
    0x20000004   0x08005ab4   0x00000004   Data   RW          168    .data.SystemCoreClock  system_stm32f3xx.o
    0x20000008   0x08005ab8   0x00000060   Data   RW          122    .data.tokens        func_uart.o


    Execution Region ER_ZI (Exec base: 0x20000068, Load base: 0x08005b18, Size: 0x000007c0, Max: 0xffffffff, ABSOLUTE)

    Exec Addr    Load Addr    Size         Type   Attr      Idx    E Section Name        Object

    0x20000068        -       0x00000060   Zero   RW          333    .bss                c_w.l(libspace.o)
    0x200000c8        -       0x00000004   Zero   RW           89    .bss.BFmemoryStart16  funciones.o
    0x200000cc        -       0x00000004   Zero   RW           90    .bss.BFmemoryStart32  funciones.o
    0x200000d0        -       0x00000004   Zero   RW           88    .bss.BFmemoryStart8  funciones.o
    0x200000d4        -       0x00000004   Zero   RW           37    .bss.ap_us          main.o
    0x200000d8        -       0x00000002   Zero   RW           36    .bss.capture_fall   main.o
    0x200000da        -       0x00000002   Zero   RW           33    .bss.capture_rise   main.o
    0x200000dc        -       0x00000002   Zero   RW           34    .bss.capture_rise_ant  main.o
    0x200000de        -       0x00000001   Zero   RW          120    .bss.cmd_ready      func_uart.o
    0x200000df        -       0x00000001   Zero   RW          123    .bss.data           func_uart.o
    0x200000e0        -       0x00000004   Zero   RW           94    .bss.dc             funciones.o
    0x200000e4        -       0x00000004   Zero   RW           93    .bss.freq           funciones.o
    0x200000e8        -       0x00000008   Zero   RW           31    .bss.i              main.o
    0x200000f0        -       0x00000008   Zero   RW           82    .bss.i              funciones.o
    0x200000f8        -       0x00000004   Zero   RW           91    .bss.jumpAddress    funciones.o
    0x200000fc        -       0x00000046   Zero   RW           92    .bss.lcd_buffer     funciones.o
    0x20000142   0x08005b18   0x00000002   PAD
    0x20000144        -       0x00000004   Zero   RW           86    .bss.memoryEnd      funciones.o
    0x20000148        -       0x00000004   Zero   RW           87    .bss.memoryModifyAddress  funciones.o
    0x2000014c        -       0x00000004   Zero   RW           85    .bss.memoryStart    funciones.o
    0x20000150        -       0x00000001   Zero   RW          119    .bss.n              func_uart.o
    0x20000151   0x08005b18   0x00000003   PAD
    0x20000154        -       0x00000004   Zero   RW           35    .bss.period_us      main.o
    0x20000158        -       0x00000001   Zero   RW           83    .bss.reg_num        funciones.o
    0x20000159   0x08005b18   0x00000003   PAD
    0x2000015c        -       0x00000004   Zero   RW           84    .bss.reg_val        funciones.o
    0x20000160        -       0x00000040   Zero   RW           81    .bss.registros      funciones.o
    0x200001a0        -       0x00000040   Zero   RW          124    .bss.rx_buffer      func_uart.o
    0x200001e0        -       0x00000004   Zero   RW           32    .bss.ticks          main.o
    0x200001e4        -       0x00000040   Zero   RW          125    .bss.tx_buffer      func_uart.o
    0x20000224   0x08005b18   0x00000004   PAD
    0x20000228        -       0x00000200   Zero   RW          157    HEAP                startup_stm32f303x8.o
    0x20000428        -       0x00000400   Zero   RW          156    STACK               startup_stm32f303x8.o


==============================================================================

Image component sizes


      Code (inc. data)   RO Data    RW Data    ZI Data      Debug   Object Name

       610          0          0         96        131       4374   func_uart.o
      3404         16        849          0        183       5824   funciones.o
        88          0          0          0          0        328   funciones_1.o
      2848          8        597          0         26       8340   main.o
       584          0        480          0          0       2844   nokia5110.o
        64         26        392          0       1536        904   startup_stm32f303x8.o
       290          0         16          4          0       2274   system_stm32f3xx.o

    ----------------------------------------------------------------------
      7926         50       2368        100       1888      24888   Object Totals
         0          0         32          0          0          0   (incl. Generated)
        38          0          2          0         12          0   (incl. Padding)

    ----------------------------------------------------------------------

      Code (inc. data)   RO Data    RW Data    ZI Data      Debug   Library Member Name

         8          0          0          0          0         68   __main.o
       392          4         17          0          0         92   __printf_flags_ss_wp.o
        14          0          0          0          0         68   __printf_wp.o
         0          0          0          0          0          0   __rtentry.o
        12          0          0          0          0          0   __rtentry2.o
         6          0          0          0          0          0   __rtentry4.o
        52          8          0          0          0          0   __scatter.o
        26          0          0          0          0          0   __scatter_copy.o
        28          0          0          0          0          0   __scatter_zi.o
        72          0          0          0          0         96   _c16rtomb.o
        28          0          0          0          0         68   _chval.o
         6          0          0          0          0          0   _printf_a.o
         6          0          0          0          0          0   _printf_c.o
        44          0          0          0          0        108   _printf_char.o
        48          6          0          0          0         96   _printf_char_common.o
        40          0          0          0          0         68   _printf_charcount.o
         6          0          0          0          0          0   _printf_d.o
       120         16          0          0          0         92   _printf_dec.o
         6          0          0          0          0          0   _printf_e.o
         6          0          0          0          0          0   _printf_f.o
      1052          0          0          0          0        148   _printf_fp_dec.o
       764          8         38          0          0        100   _printf_fp_hex.o
       128         16          0          0          0         84   _printf_fp_infnan.o
         6          0          0          0          0          0   _printf_g.o
       148          4         40          0          0        160   _printf_hex_int_ll_ptr.o
         6          0          0          0          0          0   _printf_i.o
       178          0          0          0          0         88   _printf_intcommon.o
        10          0          0          0          0          0   _printf_l.o
         6          0          0          0          0          0   _printf_lc.o
        10          0          0          0          0          0   _printf_ll.o
         6          0          0          0          0          0   _printf_lld.o
         6          0          0          0          0          0   _printf_lli.o
         6          0          0          0          0          0   _printf_llo.o
         6          0          0          0          0          0   _printf_llu.o
         6          0          0          0          0          0   _printf_llx.o
       124         16          0          0          0         92   _printf_longlong_dec.o
         6          0          0          0          0          0   _printf_ls.o
         6          0          0          0          0          0   _printf_n.o
         6          0          0          0          0          0   _printf_o.o
       112          8          0          0          0        124   _printf_oct_int_ll.o
         6          0          0          0          0          0   _printf_p.o
        78          0          0          0          0        108   _printf_pad.o
         0          0          0          0          0          0   _printf_percent.o
         4          0          0          0          0          0   _printf_percent_end.o
         6          0          0          0          0          0   _printf_s.o
        82          0          0          0          0         80   _printf_str.o
        36          0          0          0          0         84   _printf_truncate.o
         6          0          0          0          0          0   _printf_u.o
        44          0          0          0          0        108   _printf_wchar.o
       188          6          8          0          0         92   _printf_wctomb.o
         6          0          0          0          0          0   _printf_x.o
        22          0          0          0          0        100   _rserrno.o
        64          0          0          0          0         84   _sgetc.o
        10          0          0          0          0         68   _sputc.o
       158          0          0          0          0         92   _strtoul.o
       228          4        148          0          0         96   bigflt0.o
      2152        136          0          0          0        956   btod.o
        18          0          0          0          0         80   exit.o
         6          0          0          0          0        152   heapauxi.o
         0          0          0          0          0          0   indicate_semi.o
        18          0          0          0          0         76   isspace.o
        44         10        272          0          0         76   lc_ctype_c.o
        44         10         28          0          0         76   lc_numeric_c.o
         2          0          0          0          0          0   libinit.o
        34          0          0          0          0          0   libinit2.o
         2          0          0          0          0          0   libshutdown.o
         2          0          0          0          0          0   libshutdown2.o
         8          4          0          0         96         68   libspace.o
        38          0          0          0          0         68   llshl.o
       138          0          0          0          0         80   lludiv10.o
        16          4          0          0          0         76   rt_ctype_table.o
         8          4          0          0          0         68   rt_errno_addr_intlibspace.o
         8          4          0          0          0         68   rt_locale_intlibspace.o
         2          0          0          0          0          0   rtexit.o
        10          0          0          0          0          0   rtexit2.o
      1272         16          0          0          0        168   scanf_fp.o
       800         14          0          0          0        100   scanf_hexfp.o
       308         16          0          0          0        100   scanf_infnan.o
        44          6          0          0          0         84   sprintf.o
       124          0          0          0          0         88   strcmpv7em.o
        32          0          0          0          0         80   strcspn.o
        28          0          0          0          0         80   strspn.o
       176         14          0          0          0        124   strtod.o
        12          6          0          4          0         68   strtok.o
        68          4          0          0          0         84   strtok_int.o
       112          0          0          0          0         88   strtol.o
       114          0          0          0          0         92   strtoul.o
        12          4          0          0          0         68   sys_exit.o
        74          0          0          0          0         80   sys_stackheap_outer.o
         2          0          0          0          0         68   use_no_semi.o
        98          4          0          0          0        140   d2f.o
        16          4          0          0          0        116   dcheck1.o
        24          0          0          0          0        116   dcmpi.o
       120          4          0          0          0        140   deqf.o
        46          0          0          0          0        116   dflt_clz.o
       120          4          0          0          0        140   dleqf.o
       340         12          0          0          0        152   dmul.o
       156          4          0          0          0        140   dnaninf.o
        12          0          0          0          0        116   dretinf.o
       108          0          0          0          0        128   drleqf.o
         0          0         16          0          0          0   fpconst.o
        26          0          0          0          0        116   fpinit.o
        10          0          0          0          0        116   fretinf.o
         6          0          0          0          0        116   istatus.o
         4          0          0          0          0        116   printf1.o
         4          0          0          0          0        116   printf2.o
       100          0          0          0          0        116   retnan.o
        92          0          0          0          0        116   scalbn.o
         4          0          0          0          0        116   scanf1.o
         8          0          0          0          0        132   scanf2.o
        48          0          0          0          0        116   trapv.o
         0          0          0          0          0          0   usenofp.o
        56         10          0          0          0        132   atof.o
        64         16          0          0          0        248   dunder.o
        48          0          0          0          0        124   fpclassify.o
       140         22          0          0          0        132   frexp.o
       228          8          0          0          0        308   ldexp.o
       266         16          0          0          0        308   narrow.o

    ----------------------------------------------------------------------
     12354        452        568          4         96       9412   Library Totals
        32          0          1          0          0          0   (incl. Padding)

    ----------------------------------------------------------------------

      Code (inc. data)   RO Data    RW Data    ZI Data      Debug   Library Name

     10178        348        551          4         96       5680   c_w.l
      1342         32         16          0          0       2480   fz_wm.l
       802         72          0          0          0       1252   m_wm.l

    ----------------------------------------------------------------------
     12354        452        568          4         96       9412   Library Totals

    ----------------------------------------------------------------------

==============================================================================


      Code (inc. data)   RO Data    RW Data    ZI Data      Debug   

     20280        502       2936        104       1984      28452   Grand Totals
     20280        502       2936        104       1984      28452   ELF Image Totals
     20280        502       2936        104          0          0   ROM Totals

==============================================================================

    Total RO  Size (Code + RO Data)                23216 (  22.67kB)
    Total RW  Size (RW Data + ZI Data)              2088 (   2.04kB)
    Total ROM Size (Code + RO Data + RW Data)      23320 (  22.77kB)

==============================================================================

