Component: Arm Compiler for Embedded 6.19 Tool: armlink [5e73cb00]

==============================================================================

Section Cross References

    main.o(.text.main) refers to main.o(.text.clk_config) for clk_config
    main.o(.text.main) refers to main.o(.text.PWM_Init) for PWM_Init
    main.o(.text.main) refers to main.o(.text.IC_Init) for IC_Init
    main.o(.text.main) refers to func_uart.o(.text.USART_config) for USART_config
    main.o(.text.main) refers to main.o(.rodata.str1.1) for .L.str
    main.o(.text.main) refers to func_uart.o(.text.USART_putString) for USART_putString
    main.o(.text.main) refers to main.o(.bss.period_us) for period_us
    main.o(.text.main) refers to main.o(.bss.freq_khz) for freq_khz
    main.o(.text.main) refers to main.o(.bss.ap_us) for ap_us
    main.o(.text.main) refers to main.o(.bss.duty_cycle) for duty_cycle
    main.o(.text.main) refers to main.o(.text.read_command) for read_command
    main.o(.ARM.exidx.text.main) refers to main.o(.text.main) for [Anonymous Symbol]
    main.o(.text.clk_config) refers to system_stm32f3xx.o(.text.SystemCoreClockUpdate) for SystemCoreClockUpdate
    main.o(.ARM.exidx.text.clk_config) refers to main.o(.text.clk_config) for [Anonymous Symbol]
    main.o(.ARM.exidx.text.PWM_Init) refers to main.o(.text.PWM_Init) for [Anonymous Symbol]
    main.o(.text.IC_Init) refers to main.o(.text.__NVIC_EnableIRQ) for __NVIC_EnableIRQ
    main.o(.ARM.exidx.text.IC_Init) refers to main.o(.text.IC_Init) for [Anonymous Symbol]
    main.o(.text.read_command) refers to func_uart.o(.bss.cmd_ready) for cmd_ready
    main.o(.text.read_command) refers to func_uart.o(.text.tokenizer) for tokenizer
    main.o(.text.read_command) refers to func_uart.o(.data.tokens) for tokens
    main.o(.text.read_command) refers to main.o(.rodata.str1.1) for .L.str.5
    main.o(.text.read_command) refers to strcmpv7em.o(.text) for strcmp
    main.o(.text.read_command) refers to funciones.o(.text.registerDisplay) for registerDisplay
    main.o(.text.read_command) refers to funciones.o(.text.registerModify) for registerModify
    main.o(.text.read_command) refers to funciones.o(.text.memoryDisplay) for memoryDisplay
    main.o(.text.read_command) refers to funciones.o(.text.memoryModify) for memoryModify
    main.o(.text.read_command) refers to funciones.o(.text.blockFill) for blockFill
    main.o(.text.read_command) refers to funciones.o(.text.run) for run
    main.o(.text.read_command) refers to funciones.o(.text.call) for call
    main.o(.text.read_command) refers to funciones.o(.text.ioMap) for ioMap
    main.o(.text.read_command) refers to funciones.o(.text.ioUnmap) for ioUnmap
    main.o(.text.read_command) refers to funciones.o(.text.segmentOut) for segmentOut
    main.o(.text.read_command) refers to funciones.o(.text.lcdPrint) for lcdPrint
    main.o(.text.read_command) refers to func_uart.o(.text.USART_putString) for USART_putString
    main.o(.ARM.exidx.text.read_command) refers to main.o(.text.read_command) for [Anonymous Symbol]
    main.o(.text.TIM3_IRQHandler) refers to main.o(.bss.count) for count
    main.o(.text.TIM3_IRQHandler) refers to main.o(.bss.capture_rise) for capture_rise
    main.o(.text.TIM3_IRQHandler) refers to main.o(.bss.capture_rise_ant) for capture_rise_ant
    main.o(.text.TIM3_IRQHandler) refers to dflt_clz.o(x$fpl$dflt) for __aeabi_i2d
    main.o(.text.TIM3_IRQHandler) refers to dmul.o(x$fpl$dmul) for __aeabi_dmul
    main.o(.text.TIM3_IRQHandler) refers to d2f.o(x$fpl$d2f) for __aeabi_d2f
    main.o(.text.TIM3_IRQHandler) refers to main.o(.bss.period_us) for period_us
    main.o(.text.TIM3_IRQHandler) refers to main.o(.bss.capture_fall) for capture_fall
    main.o(.text.TIM3_IRQHandler) refers to main.o(.bss.ap_us) for ap_us
    main.o(.ARM.exidx.text.TIM3_IRQHandler) refers to main.o(.text.TIM3_IRQHandler) for [Anonymous Symbol]
    main.o(.ARM.exidx.text.__NVIC_EnableIRQ) refers to main.o(.text.__NVIC_EnableIRQ) for [Anonymous Symbol]
    funciones.o(.text.registerDisplay) refers to funciones.o(.rodata.str1.1) for .L.str
    funciones.o(.text.registerDisplay) refers to func_uart.o(.text.USART_putString) for USART_putString
    funciones.o(.ARM.exidx.text.registerDisplay) refers to funciones.o(.text.registerDisplay) for [Anonymous Symbol]
    funciones.o(.text.registerModify) refers to funciones.o(.rodata.str1.1) for .L.str.1
    funciones.o(.text.registerModify) refers to func_uart.o(.text.USART_putString) for USART_putString
    funciones.o(.ARM.exidx.text.registerModify) refers to funciones.o(.text.registerModify) for [Anonymous Symbol]
    funciones.o(.text.memoryDisplay) refers to funciones.o(.rodata.str1.1) for .L.str.2
    funciones.o(.text.memoryDisplay) refers to func_uart.o(.text.USART_putString) for USART_putString
    funciones.o(.ARM.exidx.text.memoryDisplay) refers to funciones.o(.text.memoryDisplay) for [Anonymous Symbol]
    funciones.o(.text.memoryModify) refers to funciones.o(.rodata.str1.1) for .L.str.3
    funciones.o(.text.memoryModify) refers to func_uart.o(.text.USART_putString) for USART_putString
    funciones.o(.ARM.exidx.text.memoryModify) refers to funciones.o(.text.memoryModify) for [Anonymous Symbol]
    funciones.o(.text.blockFill) refers to funciones.o(.rodata.str1.1) for .L.str.4
    funciones.o(.text.blockFill) refers to func_uart.o(.text.USART_putString) for USART_putString
    funciones.o(.ARM.exidx.text.blockFill) refers to funciones.o(.text.blockFill) for [Anonymous Symbol]
    funciones.o(.text.run) refers to funciones.o(.rodata.str1.1) for .L.str.5
    funciones.o(.text.run) refers to func_uart.o(.text.USART_putString) for USART_putString
    funciones.o(.ARM.exidx.text.run) refers to funciones.o(.text.run) for [Anonymous Symbol]
    funciones.o(.text.call) refers to funciones.o(.rodata.str1.1) for .L.str.6
    funciones.o(.text.call) refers to func_uart.o(.text.USART_putString) for USART_putString
    funciones.o(.ARM.exidx.text.call) refers to funciones.o(.text.call) for [Anonymous Symbol]
    funciones.o(.text.ioMap) refers to funciones.o(.rodata.str1.1) for .L.str.7
    funciones.o(.text.ioMap) refers to func_uart.o(.text.USART_putString) for USART_putString
    funciones.o(.ARM.exidx.text.ioMap) refers to funciones.o(.text.ioMap) for [Anonymous Symbol]
    funciones.o(.text.ioUnmap) refers to funciones.o(.rodata.str1.1) for .L.str.8
    funciones.o(.text.ioUnmap) refers to func_uart.o(.text.USART_putString) for USART_putString
    funciones.o(.ARM.exidx.text.ioUnmap) refers to funciones.o(.text.ioUnmap) for [Anonymous Symbol]
    funciones.o(.text.segmentOut) refers to funciones.o(.rodata.str1.1) for .L.str.9
    funciones.o(.text.segmentOut) refers to func_uart.o(.text.USART_putString) for USART_putString
    funciones.o(.ARM.exidx.text.segmentOut) refers to funciones.o(.text.segmentOut) for [Anonymous Symbol]
    funciones.o(.text.lcdPrint) refers to funciones.o(.rodata.str1.1) for .L.str.10
    funciones.o(.text.lcdPrint) refers to func_uart.o(.text.USART_putString) for USART_putString
    funciones.o(.ARM.exidx.text.lcdPrint) refers to funciones.o(.text.lcdPrint) for [Anonymous Symbol]
    func_uart.o(.ARM.exidx.text.USART_command_read) refers to func_uart.o(.text.USART_command_read) for [Anonymous Symbol]
    func_uart.o(.text.USART_config) refers to system_stm32f3xx.o(.data.SystemCoreClock) for SystemCoreClock
    func_uart.o(.text.USART_config) refers to func_uart.o(.text.__NVIC_EnableIRQ) for __NVIC_EnableIRQ
    func_uart.o(.ARM.exidx.text.USART_config) refers to func_uart.o(.text.USART_config) for [Anonymous Symbol]
    func_uart.o(.ARM.exidx.text.__NVIC_EnableIRQ) refers to func_uart.o(.text.__NVIC_EnableIRQ) for [Anonymous Symbol]
    func_uart.o(.text.USART2_Enable_Pins) refers to system_stm32f3xx.o(.data.SystemCoreClock) for SystemCoreClock
    func_uart.o(.text.USART2_Enable_Pins) refers to func_uart.o(.text.__NVIC_EnableIRQ) for __NVIC_EnableIRQ
    func_uart.o(.ARM.exidx.text.USART2_Enable_Pins) refers to func_uart.o(.text.USART2_Enable_Pins) for [Anonymous Symbol]
    func_uart.o(.text.USART2_IRQHandler) refers to func_uart.o(.bss.data) for data
    func_uart.o(.text.USART2_IRQHandler) refers to func_uart.o(.bss.n) for n
    func_uart.o(.text.USART2_IRQHandler) refers to func_uart.o(.bss.rx_buffer) for rx_buffer
    func_uart.o(.text.USART2_IRQHandler) refers to func_uart.o(.bss.cmd_ready) for cmd_ready
    func_uart.o(.ARM.exidx.text.USART2_IRQHandler) refers to func_uart.o(.text.USART2_IRQHandler) for [Anonymous Symbol]
    func_uart.o(.ARM.exidx.text.USART_Send) refers to func_uart.o(.text.USART_Send) for [Anonymous Symbol]
    func_uart.o(.text.USART_putString) refers to func_uart.o(.text.USART_Send) for USART_Send
    func_uart.o(.ARM.exidx.text.USART_putString) refers to func_uart.o(.text.USART_putString) for [Anonymous Symbol]
    func_uart.o(.text.tokenizer) refers to func_uart.o(.bss.rx_buffer) for rx_buffer
    func_uart.o(.text.tokenizer) refers to func_uart.o(.rodata.str1.1) for .L.str
    func_uart.o(.text.tokenizer) refers to strtok.o(.text) for strtok
    func_uart.o(.text.tokenizer) refers to func_uart.o(.data.tokens) for tokens
    func_uart.o(.ARM.exidx.text.tokenizer) refers to func_uart.o(.text.tokenizer) for [Anonymous Symbol]
    func_uart.o(.data.tokens) refers to func_uart.o(.rodata.str1.1) for [Anonymous Symbol]
    startup_stm32f303x8.o(STACK) refers (Special) to heapauxi.o(.text) for __use_two_region_memory
    startup_stm32f303x8.o(HEAP) refers (Special) to heapauxi.o(.text) for __use_two_region_memory
    startup_stm32f303x8.o(RESET) refers (Special) to heapauxi.o(.text) for __use_two_region_memory
    startup_stm32f303x8.o(RESET) refers to startup_stm32f303x8.o(STACK) for __initial_sp
    startup_stm32f303x8.o(RESET) refers to startup_stm32f303x8.o(.text) for Reset_Handler
    startup_stm32f303x8.o(RESET) refers to main.o(.text.TIM3_IRQHandler) for TIM3_IRQHandler
    startup_stm32f303x8.o(RESET) refers to func_uart.o(.text.USART2_IRQHandler) for USART2_IRQHandler
    startup_stm32f303x8.o(.text) refers (Special) to heapauxi.o(.text) for __use_two_region_memory
    startup_stm32f303x8.o(.text) refers to system_stm32f3xx.o(.text.SystemInit) for SystemInit
    startup_stm32f303x8.o(.text) refers to __main.o(!!!main) for __main
    startup_stm32f303x8.o(.text) refers to startup_stm32f303x8.o(HEAP) for Heap_Mem
    startup_stm32f303x8.o(.text) refers to startup_stm32f303x8.o(STACK) for Stack_Mem
    system_stm32f3xx.o(.ARM.exidx.text.SystemInit) refers to system_stm32f3xx.o(.text.SystemInit) for [Anonymous Symbol]
    system_stm32f3xx.o(.text.SystemCoreClockUpdate) refers to system_stm32f3xx.o(.data.SystemCoreClock) for SystemCoreClock
    system_stm32f3xx.o(.text.SystemCoreClockUpdate) refers to system_stm32f3xx.o(.rodata.AHBPrescTable) for AHBPrescTable
    system_stm32f3xx.o(.ARM.exidx.text.SystemCoreClockUpdate) refers to system_stm32f3xx.o(.text.SystemCoreClockUpdate) for [Anonymous Symbol]
    strtok.o(.text) refers to strtok_int.o(.text) for __strtok_internal
    strtok.o(.text) refers to strtok.o(.data) for .data
    __main.o(!!!main) refers to __rtentry.o(.ARM.Collect$$rtentry$$00000000) for __rt_entry
    d2f.o(x$fpl$d2f) refers (Special) to usenofp.o(x$fpl$usenofp) for __I$use$fp
    d2f.o(x$fpl$d2f) refers to fretinf.o(x$fpl$fretinf) for __fpl_fretinf
    d2f.o(x$fpl$d2f) refers to dnaninf.o(x$fpl$dnaninf) for __fpl_dnaninf
    dflt_clz.o(x$fpl$dfltu) refers (Special) to usenofp.o(x$fpl$usenofp) for __I$use$fp
    dflt_clz.o(x$fpl$dflt) refers (Special) to usenofp.o(x$fpl$usenofp) for __I$use$fp
    dflt_clz.o(x$fpl$dfltn) refers (Special) to usenofp.o(x$fpl$usenofp) for __I$use$fp
    dmul.o(x$fpl$dmul) refers (Special) to usenofp.o(x$fpl$usenofp) for __I$use$fp
    dmul.o(x$fpl$dmul) refers to dretinf.o(x$fpl$dretinf) for __fpl_dretinf
    dmul.o(x$fpl$dmul) refers to dnaninf.o(x$fpl$dnaninf) for __fpl_dnaninf
    __rtentry.o(.ARM.Collect$$rtentry$$00000000) refers (Special) to __rtentry2.o(.ARM.Collect$$rtentry$$0000000A) for __rt_entry_li
    __rtentry.o(.ARM.Collect$$rtentry$$00000000) refers (Special) to __rtentry2.o(.ARM.Collect$$rtentry$$0000000D) for __rt_entry_main
    __rtentry.o(.ARM.Collect$$rtentry$$00000000) refers (Special) to __rtentry2.o(.ARM.Collect$$rtentry$$0000000C) for __rt_entry_postli_1
    __rtentry.o(.ARM.Collect$$rtentry$$00000000) refers (Special) to __rtentry2.o(.ARM.Collect$$rtentry$$00000009) for __rt_entry_postsh_1
    __rtentry.o(.ARM.Collect$$rtentry$$00000000) refers (Special) to __rtentry2.o(.ARM.Collect$$rtentry$$00000002) for __rt_entry_presh_1
    __rtentry.o(.ARM.Collect$$rtentry$$00000000) refers (Special) to __rtentry4.o(.ARM.Collect$$rtentry$$00000004) for __rt_entry_sh
    strtok_int.o(.text) refers to strspn.o(.text) for strspn
    strtok_int.o(.text) refers to strcspn.o(.text) for strcspn
    dnaninf.o(x$fpl$dnaninf) refers (Special) to usenofp.o(x$fpl$usenofp) for __I$use$fp
    dretinf.o(x$fpl$dretinf) refers (Special) to usenofp.o(x$fpl$usenofp) for __I$use$fp
    fretinf.o(x$fpl$fretinf) refers (Special) to usenofp.o(x$fpl$usenofp) for __I$use$fp
    __rtentry2.o(.ARM.Collect$$rtentry$$00000008) refers to boardinit2.o(.text) for _platform_post_stackheap_init
    __rtentry2.o(.ARM.Collect$$rtentry$$0000000A) refers to libinit.o(.ARM.Collect$$libinit$$00000000) for __rt_lib_init
    __rtentry2.o(.ARM.Collect$$rtentry$$0000000B) refers to boardinit3.o(.text) for _platform_post_lib_init
    __rtentry2.o(.ARM.Collect$$rtentry$$0000000D) refers to main.o(.text.main) for main
    __rtentry2.o(.ARM.Collect$$rtentry$$0000000D) refers to exit.o(.text) for exit
    __rtentry2.o(.ARM.exidx) refers to __rtentry2.o(.ARM.Collect$$rtentry$$00000001) for .ARM.Collect$$rtentry$$00000001
    __rtentry2.o(.ARM.exidx) refers to __rtentry2.o(.ARM.Collect$$rtentry$$00000008) for .ARM.Collect$$rtentry$$00000008
    __rtentry2.o(.ARM.exidx) refers to __rtentry2.o(.ARM.Collect$$rtentry$$0000000A) for .ARM.Collect$$rtentry$$0000000A
    __rtentry2.o(.ARM.exidx) refers to __rtentry2.o(.ARM.Collect$$rtentry$$0000000B) for .ARM.Collect$$rtentry$$0000000B
    __rtentry2.o(.ARM.exidx) refers to __rtentry2.o(.ARM.Collect$$rtentry$$0000000D) for .ARM.Collect$$rtentry$$0000000D
    __rtentry4.o(.ARM.Collect$$rtentry$$00000004) refers to sys_stackheap_outer.o(.text) for __user_setup_stackheap
    __rtentry4.o(.ARM.exidx) refers to __rtentry4.o(.ARM.Collect$$rtentry$$00000004) for .ARM.Collect$$rtentry$$00000004
    sys_stackheap_outer.o(.text) refers to libspace.o(.text) for __user_perproc_libspace
    sys_stackheap_outer.o(.text) refers to startup_stm32f303x8.o(.text) for __user_initial_stackheap
    exit.o(.text) refers to rtexit.o(.ARM.Collect$$rtexit$$00000000) for __rt_exit
    libinit.o(.ARM.Collect$$libinit$$00000000) refers (Special) to libinit2.o(.ARM.Collect$$libinit$$00000030) for __rt_lib_init_alloca_1
    libinit.o(.ARM.Collect$$libinit$$00000000) refers (Special) to libinit2.o(.ARM.Collect$$libinit$$0000002E) for __rt_lib_init_argv_1
    libinit.o(.ARM.Collect$$libinit$$00000000) refers (Special) to libinit2.o(.ARM.Collect$$libinit$$0000001D) for __rt_lib_init_atexit_1
    libinit.o(.ARM.Collect$$libinit$$00000000) refers (Special) to libinit2.o(.ARM.Collect$$libinit$$00000023) for __rt_lib_init_clock_1
    libinit.o(.ARM.Collect$$libinit$$00000000) refers (Special) to libinit2.o(.ARM.Collect$$libinit$$00000034) for __rt_lib_init_cpp_1
    libinit.o(.ARM.Collect$$libinit$$00000000) refers (Special) to libinit2.o(.ARM.Collect$$libinit$$00000032) for __rt_lib_init_exceptions_1
    libinit.o(.ARM.Collect$$libinit$$00000000) refers (Special) to libinit2.o(.ARM.Collect$$libinit$$00000001) for __rt_lib_init_fp_1
    libinit.o(.ARM.Collect$$libinit$$00000000) refers (Special) to libinit2.o(.ARM.Collect$$libinit$$00000021) for __rt_lib_init_fp_trap_1
    libinit.o(.ARM.Collect$$libinit$$00000000) refers (Special) to libinit2.o(.ARM.Collect$$libinit$$00000025) for __rt_lib_init_getenv_1
    libinit.o(.ARM.Collect$$libinit$$00000000) refers (Special) to libinit2.o(.ARM.Collect$$libinit$$0000000C) for __rt_lib_init_heap_1
    libinit.o(.ARM.Collect$$libinit$$00000000) refers (Special) to libinit2.o(.ARM.Collect$$libinit$$00000013) for __rt_lib_init_lc_collate_1
    libinit.o(.ARM.Collect$$libinit$$00000000) refers (Special) to libinit2.o(.ARM.Collect$$libinit$$00000015) for __rt_lib_init_lc_ctype_1
    libinit.o(.ARM.Collect$$libinit$$00000000) refers (Special) to libinit2.o(.ARM.Collect$$libinit$$00000017) for __rt_lib_init_lc_monetary_1
    libinit.o(.ARM.Collect$$libinit$$00000000) refers (Special) to libinit2.o(.ARM.Collect$$libinit$$00000019) for __rt_lib_init_lc_numeric_1
    libinit.o(.ARM.Collect$$libinit$$00000000) refers (Special) to libinit2.o(.ARM.Collect$$libinit$$0000001B) for __rt_lib_init_lc_time_1
    libinit.o(.ARM.Collect$$libinit$$00000000) refers (Special) to libinit2.o(.ARM.Collect$$libinit$$00000006) for __rt_lib_init_preinit_1
    libinit.o(.ARM.Collect$$libinit$$00000000) refers (Special) to libinit2.o(.ARM.Collect$$libinit$$00000010) for __rt_lib_init_rand_1
    libinit.o(.ARM.Collect$$libinit$$00000000) refers (Special) to libinit2.o(.ARM.Collect$$libinit$$00000004) for __rt_lib_init_relocate_pie_1
    libinit.o(.ARM.Collect$$libinit$$00000000) refers (Special) to libinit2.o(.ARM.Collect$$libinit$$00000035) for __rt_lib_init_return
    libinit.o(.ARM.Collect$$libinit$$00000000) refers (Special) to libinit2.o(.ARM.Collect$$libinit$$0000001F) for __rt_lib_init_signal_1
    libinit.o(.ARM.Collect$$libinit$$00000000) refers (Special) to libinit2.o(.ARM.Collect$$libinit$$00000027) for __rt_lib_init_stdio_1
    libinit.o(.ARM.Collect$$libinit$$00000000) refers (Special) to libinit2.o(.ARM.Collect$$libinit$$0000000E) for __rt_lib_init_user_alloc_1
    libspace.o(.text) refers to libspace.o(.bss) for __libspace_start
    rtexit.o(.ARM.Collect$$rtexit$$00000000) refers (Special) to rtexit2.o(.ARM.Collect$$rtexit$$00000004) for __rt_exit_exit
    rtexit.o(.ARM.Collect$$rtexit$$00000000) refers (Special) to rtexit2.o(.ARM.Collect$$rtexit$$00000003) for __rt_exit_ls
    rtexit.o(.ARM.Collect$$rtexit$$00000000) refers (Special) to rtexit2.o(.ARM.Collect$$rtexit$$00000002) for __rt_exit_prels_1
    rtexit.o(.ARM.exidx) refers (Special) to rtexit2.o(.ARM.Collect$$rtexit$$00000004) for __rt_exit_exit
    rtexit.o(.ARM.exidx) refers (Special) to rtexit2.o(.ARM.Collect$$rtexit$$00000003) for __rt_exit_ls
    rtexit.o(.ARM.exidx) refers (Special) to rtexit2.o(.ARM.Collect$$rtexit$$00000002) for __rt_exit_prels_1
    rtexit.o(.ARM.exidx) refers to rtexit.o(.ARM.Collect$$rtexit$$00000000) for .ARM.Collect$$rtexit$$00000000
    libinit2.o(.ARM.Collect$$libinit$$00000001) refers to fpinit.o(x$fpl$fpinit) for _fp_init
    libinit2.o(.ARM.Collect$$libinit$$00000012) refers to libinit2.o(.ARM.Collect$$libinit$$00000011) for .ARM.Collect$$libinit$$00000011
    libinit2.o(.ARM.Collect$$libinit$$00000014) refers to libinit2.o(.ARM.Collect$$libinit$$00000011) for .ARM.Collect$$libinit$$00000011
    libinit2.o(.ARM.Collect$$libinit$$00000016) refers to libinit2.o(.ARM.Collect$$libinit$$00000011) for .ARM.Collect$$libinit$$00000011
    libinit2.o(.ARM.Collect$$libinit$$00000018) refers to libinit2.o(.ARM.Collect$$libinit$$00000011) for .ARM.Collect$$libinit$$00000011
    libinit2.o(.ARM.Collect$$libinit$$0000001A) refers to libinit2.o(.ARM.Collect$$libinit$$00000011) for .ARM.Collect$$libinit$$00000011
    libinit2.o(.ARM.Collect$$libinit$$00000028) refers to argv_veneer.o(.emb_text) for __ARM_argv_veneer
    libinit2.o(.ARM.Collect$$libinit$$00000029) refers to argv_veneer.o(.emb_text) for __ARM_argv_veneer
    rtexit2.o(.ARM.Collect$$rtexit$$00000003) refers to libshutdown.o(.ARM.Collect$$libshutdown$$00000000) for __rt_lib_shutdown
    rtexit2.o(.ARM.Collect$$rtexit$$00000004) refers to sys_exit.o(.text) for _sys_exit
    rtexit2.o(.ARM.exidx) refers to rtexit2.o(.ARM.Collect$$rtexit$$00000001) for .ARM.Collect$$rtexit$$00000001
    rtexit2.o(.ARM.exidx) refers to rtexit2.o(.ARM.Collect$$rtexit$$00000003) for .ARM.Collect$$rtexit$$00000003
    rtexit2.o(.ARM.exidx) refers to rtexit2.o(.ARM.Collect$$rtexit$$00000004) for .ARM.Collect$$rtexit$$00000004
    argv_veneer.o(.emb_text) refers to no_argv.o(.text) for __ARM_get_argv
    sys_exit.o(.text) refers (Special) to use_no_semi.o(.text) for __I$use$semihosting
    sys_exit.o(.text) refers (Special) to indicate_semi.o(.text) for __semihosting_library_function
    sys_exit_hlt.o(.text) refers (Special) to use_no_semi.o(.text) for __I$use$semihosting
    sys_exit_hlt.o(.text) refers (Special) to indicate_semi.o(.text) for __semihosting_library_function
    _get_argv_nomalloc.o(.text) refers (Special) to hrguard.o(.text) for __heap_region$guard
    _get_argv_nomalloc.o(.text) refers to defsig_rtmem_outer.o(.text) for __rt_SIGRTMEM
    _get_argv_nomalloc.o(.text) refers to sys_command.o(.text) for _sys_command_string
    libshutdown.o(.ARM.Collect$$libshutdown$$00000000) refers (Special) to libshutdown2.o(.ARM.Collect$$libshutdown$$00000002) for __rt_lib_shutdown_cpp_1
    libshutdown.o(.ARM.Collect$$libshutdown$$00000000) refers (Special) to libshutdown2.o(.ARM.Collect$$libshutdown$$00000007) for __rt_lib_shutdown_fp_trap_1
    libshutdown.o(.ARM.Collect$$libshutdown$$00000000) refers (Special) to libshutdown2.o(.ARM.Collect$$libshutdown$$0000000F) for __rt_lib_shutdown_heap_1
    libshutdown.o(.ARM.Collect$$libshutdown$$00000000) refers (Special) to libshutdown2.o(.ARM.Collect$$libshutdown$$00000010) for __rt_lib_shutdown_return
    libshutdown.o(.ARM.Collect$$libshutdown$$00000000) refers (Special) to libshutdown2.o(.ARM.Collect$$libshutdown$$0000000A) for __rt_lib_shutdown_signal_1
    libshutdown.o(.ARM.Collect$$libshutdown$$00000000) refers (Special) to libshutdown2.o(.ARM.Collect$$libshutdown$$00000004) for __rt_lib_shutdown_stdio_1
    libshutdown.o(.ARM.Collect$$libshutdown$$00000000) refers (Special) to libshutdown2.o(.ARM.Collect$$libshutdown$$0000000C) for __rt_lib_shutdown_user_alloc_1
    sys_command.o(.text) refers (Special) to use_no_semi.o(.text) for __I$use$semihosting
    sys_command.o(.text) refers (Special) to indicate_semi.o(.text) for __semihosting_library_function
    sys_command_hlt.o(.text) refers (Special) to use_no_semi.o(.text) for __I$use$semihosting
    sys_command_hlt.o(.text) refers (Special) to indicate_semi.o(.text) for __semihosting_library_function
    defsig_rtmem_outer.o(.text) refers to defsig_rtmem_inner.o(.text) for __rt_SIGRTMEM_inner
    defsig_rtmem_outer.o(.text) refers to defsig_exit.o(.text) for __sig_exit
    defsig_rtmem_formal.o(.text) refers to rt_raise.o(.text) for __rt_raise
    rt_raise.o(.text) refers to __raise.o(.text) for __raise
    rt_raise.o(.text) refers to sys_exit.o(.text) for _sys_exit
    defsig_exit.o(.text) refers to sys_exit.o(.text) for _sys_exit
    defsig_rtmem_inner.o(.text) refers to defsig_general.o(.text) for __default_signal_display
    __raise.o(.text) refers to defsig.o(CL$$defsig) for __default_signal_handler
    defsig_general.o(.text) refers to sys_wrch.o(.text) for _ttywrch
    sys_wrch.o(.text) refers (Special) to use_no_semi.o(.text) for __I$use$semihosting
    sys_wrch.o(.text) refers (Special) to indicate_semi.o(.text) for __semihosting_library_function
    sys_wrch_hlt.o(.text) refers (Special) to use_no_semi.o(.text) for __I$use$semihosting
    sys_wrch_hlt.o(.text) refers (Special) to indicate_semi.o(.text) for __semihosting_library_function
    defsig.o(CL$$defsig) refers to defsig_rtmem_inner.o(.text) for __rt_SIGRTMEM_inner
    defsig_abrt_inner.o(.text) refers to defsig_general.o(.text) for __default_signal_display
    defsig_fpe_inner.o(.text) refers to defsig_general.o(.text) for __default_signal_display
    defsig_rtred_inner.o(.text) refers to defsig_general.o(.text) for __default_signal_display
    defsig_stak_inner.o(.text) refers to defsig_general.o(.text) for __default_signal_display
    defsig_pvfn_inner.o(.text) refers to defsig_general.o(.text) for __default_signal_display
    defsig_cppl_inner.o(.text) refers to defsig_general.o(.text) for __default_signal_display
    defsig_segv_inner.o(.text) refers to defsig_general.o(.text) for __default_signal_display
    defsig_other.o(.text) refers to defsig_general.o(.text) for __default_signal_display


==============================================================================

Removing Unused input sections from the image.

    Removing main.o(.text), (0 bytes).
    Removing main.o(.ARM.exidx.text.main), (8 bytes).
    Removing main.o(.ARM.exidx.text.clk_config), (8 bytes).
    Removing main.o(.ARM.exidx.text.PWM_Init), (8 bytes).
    Removing main.o(.ARM.exidx.text.IC_Init), (8 bytes).
    Removing main.o(.ARM.exidx.text.read_command), (8 bytes).
    Removing main.o(.ARM.exidx.text.TIM3_IRQHandler), (8 bytes).
    Removing main.o(.ARM.exidx.text.__NVIC_EnableIRQ), (8 bytes).
    Removing main.o(.ARM.use_no_argv), (4 bytes).
    Removing funciones.o(.text), (0 bytes).
    Removing funciones.o(.ARM.exidx.text.registerDisplay), (8 bytes).
    Removing funciones.o(.ARM.exidx.text.registerModify), (8 bytes).
    Removing funciones.o(.ARM.exidx.text.memoryDisplay), (8 bytes).
    Removing funciones.o(.ARM.exidx.text.memoryModify), (8 bytes).
    Removing funciones.o(.ARM.exidx.text.blockFill), (8 bytes).
    Removing funciones.o(.ARM.exidx.text.run), (8 bytes).
    Removing funciones.o(.ARM.exidx.text.call), (8 bytes).
    Removing funciones.o(.ARM.exidx.text.ioMap), (8 bytes).
    Removing funciones.o(.ARM.exidx.text.ioUnmap), (8 bytes).
    Removing funciones.o(.ARM.exidx.text.segmentOut), (8 bytes).
    Removing funciones.o(.ARM.exidx.text.lcdPrint), (8 bytes).
    Removing func_uart.o(.text), (0 bytes).
    Removing func_uart.o(.text.USART_command_read), (2 bytes).
    Removing func_uart.o(.ARM.exidx.text.USART_command_read), (8 bytes).
    Removing func_uart.o(.ARM.exidx.text.USART_config), (8 bytes).
    Removing func_uart.o(.ARM.exidx.text.__NVIC_EnableIRQ), (8 bytes).
    Removing func_uart.o(.text.USART2_Enable_Pins), (150 bytes).
    Removing func_uart.o(.ARM.exidx.text.USART2_Enable_Pins), (8 bytes).
    Removing func_uart.o(.ARM.exidx.text.USART2_IRQHandler), (8 bytes).
    Removing func_uart.o(.ARM.exidx.text.USART_Send), (8 bytes).
    Removing func_uart.o(.ARM.exidx.text.USART_putString), (8 bytes).
    Removing func_uart.o(.ARM.exidx.text.tokenizer), (8 bytes).
    Removing func_uart.o(.bss.tx_buffer), (64 bytes).
    Removing system_stm32f3xx.o(.text), (0 bytes).
    Removing system_stm32f3xx.o(.ARM.exidx.text.SystemInit), (8 bytes).
    Removing system_stm32f3xx.o(.ARM.exidx.text.SystemCoreClockUpdate), (8 bytes).
    Removing system_stm32f3xx.o(.rodata.APBPrescTable), (8 bytes).

37 unused section(s) (total 452 bytes) removed from the image.

==============================================================================

Image Symbol Table

    Local Symbols

    Symbol Name                              Value     Ov Type        Size  Object(Section)

    ../clib/angel/boardlib.s                 0x00000000   Number         0  boardinit1.o ABSOLUTE
    ../clib/angel/boardlib.s                 0x00000000   Number         0  boardinit2.o ABSOLUTE
    ../clib/angel/boardlib.s                 0x00000000   Number         0  boardinit3.o ABSOLUTE
    ../clib/angel/boardlib.s                 0x00000000   Number         0  boardshut.o ABSOLUTE
    ../clib/angel/handlers.s                 0x00000000   Number         0  __scatter_copy.o ABSOLUTE
    ../clib/angel/handlers.s                 0x00000000   Number         0  __scatter_zi.o ABSOLUTE
    ../clib/angel/kernel.s                   0x00000000   Number         0  __rtentry.o ABSOLUTE
    ../clib/angel/kernel.s                   0x00000000   Number         0  __rtentry2.o ABSOLUTE
    ../clib/angel/kernel.s                   0x00000000   Number         0  __rtentry4.o ABSOLUTE
    ../clib/angel/kernel.s                   0x00000000   Number         0  rtexit.o ABSOLUTE
    ../clib/angel/kernel.s                   0x00000000   Number         0  rtexit2.o ABSOLUTE
    ../clib/angel/rt.s                       0x00000000   Number         0  rt_raise.o ABSOLUTE
    ../clib/angel/scatter.s                  0x00000000   Number         0  __scatter.o ABSOLUTE
    ../clib/angel/startup.s                  0x00000000   Number         0  __main.o ABSOLUTE
    ../clib/angel/sys.s                      0x00000000   Number         0  sys_stackheap_outer.o ABSOLUTE
    ../clib/angel/sys.s                      0x00000000   Number         0  libspace.o ABSOLUTE
    ../clib/angel/sys.s                      0x00000000   Number         0  use_no_semi.o ABSOLUTE
    ../clib/angel/sys.s                      0x00000000   Number         0  indicate_semi.o ABSOLUTE
    ../clib/angel/sysapp.c                   0x00000000   Number         0  sys_exit.o ABSOLUTE
    ../clib/angel/sysapp.c                   0x00000000   Number         0  sys_exit_hlt.o ABSOLUTE
    ../clib/angel/sysapp.c                   0x00000000   Number         0  sys_command.o ABSOLUTE
    ../clib/angel/sysapp.c                   0x00000000   Number         0  sys_command_hlt.o ABSOLUTE
    ../clib/angel/sysapp.c                   0x00000000   Number         0  sys_wrch.o ABSOLUTE
    ../clib/angel/sysapp.c                   0x00000000   Number         0  sys_wrch_hlt.o ABSOLUTE
    ../clib/armsys.c                         0x00000000   Number         0  argv_veneer.o ABSOLUTE
    ../clib/armsys.c                         0x00000000   Number         0  argv_veneer.o ABSOLUTE
    ../clib/armsys.c                         0x00000000   Number         0  _get_argv_nomalloc.o ABSOLUTE
    ../clib/armsys.c                         0x00000000   Number         0  no_argv.o ABSOLUTE
    ../clib/heapalloc.c                      0x00000000   Number         0  hrguard.o ABSOLUTE
    ../clib/heapaux.c                        0x00000000   Number         0  heapauxi.o ABSOLUTE
    ../clib/libinit.s                        0x00000000   Number         0  libinit.o ABSOLUTE
    ../clib/libinit.s                        0x00000000   Number         0  libinit2.o ABSOLUTE
    ../clib/libinit.s                        0x00000000   Number         0  libshutdown.o ABSOLUTE
    ../clib/libinit.s                        0x00000000   Number         0  libshutdown2.o ABSOLUTE
    ../clib/memcpset.s                       0x00000000   Number         0  strcmpv7em.o ABSOLUTE
    ../clib/signal.c                         0x00000000   Number         0  defsig_rtmem_outer.o ABSOLUTE
    ../clib/signal.c                         0x00000000   Number         0  defsig_rtmem_formal.o ABSOLUTE
    ../clib/signal.c                         0x00000000   Number         0  defsig_exit.o ABSOLUTE
    ../clib/signal.c                         0x00000000   Number         0  defsig_rtmem_inner.o ABSOLUTE
    ../clib/signal.c                         0x00000000   Number         0  __raise.o ABSOLUTE
    ../clib/signal.c                         0x00000000   Number         0  defsig_general.o ABSOLUTE
    ../clib/signal.c                         0x00000000   Number         0  defsig_abrt_inner.o ABSOLUTE
    ../clib/signal.c                         0x00000000   Number         0  defsig_fpe_inner.o ABSOLUTE
    ../clib/signal.c                         0x00000000   Number         0  defsig_rtred_inner.o ABSOLUTE
    ../clib/signal.c                         0x00000000   Number         0  defsig_stak_inner.o ABSOLUTE
    ../clib/signal.c                         0x00000000   Number         0  defsig_pvfn_inner.o ABSOLUTE
    ../clib/signal.c                         0x00000000   Number         0  defsig_cppl_inner.o ABSOLUTE
    ../clib/signal.c                         0x00000000   Number         0  defsig_segv_inner.o ABSOLUTE
    ../clib/signal.c                         0x00000000   Number         0  defsig_other.o ABSOLUTE
    ../clib/signal.s                         0x00000000   Number         0  defsig.o ABSOLUTE
    ../clib/stdlib.c                         0x00000000   Number         0  exit.o ABSOLUTE
    ../clib/string.c                         0x00000000   Number         0  strtok.o ABSOLUTE
    ../clib/string.c                         0x00000000   Number         0  strtok_int.o ABSOLUTE
    ../clib/string.c                         0x00000000   Number         0  strcspn.o ABSOLUTE
    ../clib/string.c                         0x00000000   Number         0  strspn.o ABSOLUTE
    ../fplib/d2f.s                           0x00000000   Number         0  d2f.o ABSOLUTE
    ../fplib/dflt.s                          0x00000000   Number         0  dflt_clz.o ABSOLUTE
    ../fplib/dmul.s                          0x00000000   Number         0  dmul.o ABSOLUTE
    ../fplib/dnaninf.s                       0x00000000   Number         0  dnaninf.o ABSOLUTE
    ../fplib/dretinf.s                       0x00000000   Number         0  dretinf.o ABSOLUTE
    ../fplib/fpinit.s                        0x00000000   Number         0  fpinit.o ABSOLUTE
    ../fplib/fretinf.s                       0x00000000   Number         0  fretinf.o ABSOLUTE
    ../fplib/usenofp.s                       0x00000000   Number         0  usenofp.o ABSOLUTE
    RTE/Device/STM32F303K8Tx/startup_stm32f303x8.s 0x00000000   Number         0  startup_stm32f303x8.o ABSOLUTE
    dc.s                                     0x00000000   Number         0  dc.o ABSOLUTE
    func_uart.c                              0x00000000   Number         0  func_uart.o ABSOLUTE
    funciones.c                              0x00000000   Number         0  funciones.o ABSOLUTE
    main.c                                   0x00000000   Number         0  main.o ABSOLUTE
    system_stm32f3xx.c                       0x00000000   Number         0  system_stm32f3xx.o ABSOLUTE
    RESET                                    0x08000000   Section      392  startup_stm32f303x8.o(RESET)
    !!!main                                  0x08000188   Section        8  __main.o(!!!main)
    !!!scatter                               0x08000190   Section       52  __scatter.o(!!!scatter)
    !!handler_copy                           0x080001c4   Section       26  __scatter_copy.o(!!handler_copy)
    !!handler_zi                             0x080001e0   Section       28  __scatter_zi.o(!!handler_zi)
    .ARM.Collect$$libinit$$00000000          0x080001fc   Section        2  libinit.o(.ARM.Collect$$libinit$$00000000)
    .ARM.Collect$$libinit$$00000001          0x080001fe   Section        4  libinit2.o(.ARM.Collect$$libinit$$00000001)
    .ARM.Collect$$libinit$$00000004          0x08000202   Section        0  libinit2.o(.ARM.Collect$$libinit$$00000004)
    .ARM.Collect$$libinit$$00000006          0x08000202   Section        0  libinit2.o(.ARM.Collect$$libinit$$00000006)
    .ARM.Collect$$libinit$$0000000C          0x08000202   Section        0  libinit2.o(.ARM.Collect$$libinit$$0000000C)
    .ARM.Collect$$libinit$$0000000E          0x08000202   Section        0  libinit2.o(.ARM.Collect$$libinit$$0000000E)
    .ARM.Collect$$libinit$$00000010          0x08000202   Section        0  libinit2.o(.ARM.Collect$$libinit$$00000010)
    .ARM.Collect$$libinit$$00000013          0x08000202   Section        0  libinit2.o(.ARM.Collect$$libinit$$00000013)
    .ARM.Collect$$libinit$$00000015          0x08000202   Section        0  libinit2.o(.ARM.Collect$$libinit$$00000015)
    .ARM.Collect$$libinit$$00000017          0x08000202   Section        0  libinit2.o(.ARM.Collect$$libinit$$00000017)
    .ARM.Collect$$libinit$$00000019          0x08000202   Section        0  libinit2.o(.ARM.Collect$$libinit$$00000019)
    .ARM.Collect$$libinit$$0000001B          0x08000202   Section        0  libinit2.o(.ARM.Collect$$libinit$$0000001B)
    .ARM.Collect$$libinit$$0000001D          0x08000202   Section        0  libinit2.o(.ARM.Collect$$libinit$$0000001D)
    .ARM.Collect$$libinit$$0000001F          0x08000202   Section        0  libinit2.o(.ARM.Collect$$libinit$$0000001F)
    .ARM.Collect$$libinit$$00000021          0x08000202   Section        0  libinit2.o(.ARM.Collect$$libinit$$00000021)
    .ARM.Collect$$libinit$$00000023          0x08000202   Section        0  libinit2.o(.ARM.Collect$$libinit$$00000023)
    .ARM.Collect$$libinit$$00000025          0x08000202   Section        0  libinit2.o(.ARM.Collect$$libinit$$00000025)
    .ARM.Collect$$libinit$$00000027          0x08000202   Section        0  libinit2.o(.ARM.Collect$$libinit$$00000027)
    .ARM.Collect$$libinit$$0000002E          0x08000202   Section        0  libinit2.o(.ARM.Collect$$libinit$$0000002E)
    .ARM.Collect$$libinit$$00000030          0x08000202   Section        0  libinit2.o(.ARM.Collect$$libinit$$00000030)
    .ARM.Collect$$libinit$$00000032          0x08000202   Section        0  libinit2.o(.ARM.Collect$$libinit$$00000032)
    .ARM.Collect$$libinit$$00000034          0x08000202   Section        0  libinit2.o(.ARM.Collect$$libinit$$00000034)
    .ARM.Collect$$libinit$$00000035          0x08000202   Section        2  libinit2.o(.ARM.Collect$$libinit$$00000035)
    .ARM.Collect$$libshutdown$$00000000      0x08000204   Section        2  libshutdown.o(.ARM.Collect$$libshutdown$$00000000)
    .ARM.Collect$$libshutdown$$00000002      0x08000206   Section        0  libshutdown2.o(.ARM.Collect$$libshutdown$$00000002)
    .ARM.Collect$$libshutdown$$00000004      0x08000206   Section        0  libshutdown2.o(.ARM.Collect$$libshutdown$$00000004)
    .ARM.Collect$$libshutdown$$00000007      0x08000206   Section        0  libshutdown2.o(.ARM.Collect$$libshutdown$$00000007)
    .ARM.Collect$$libshutdown$$0000000A      0x08000206   Section        0  libshutdown2.o(.ARM.Collect$$libshutdown$$0000000A)
    .ARM.Collect$$libshutdown$$0000000C      0x08000206   Section        0  libshutdown2.o(.ARM.Collect$$libshutdown$$0000000C)
    .ARM.Collect$$libshutdown$$0000000F      0x08000206   Section        0  libshutdown2.o(.ARM.Collect$$libshutdown$$0000000F)
    .ARM.Collect$$libshutdown$$00000010      0x08000206   Section        2  libshutdown2.o(.ARM.Collect$$libshutdown$$00000010)
    .ARM.Collect$$rtentry$$00000000          0x08000208   Section        0  __rtentry.o(.ARM.Collect$$rtentry$$00000000)
    .ARM.Collect$$rtentry$$00000002          0x08000208   Section        0  __rtentry2.o(.ARM.Collect$$rtentry$$00000002)
    .ARM.Collect$$rtentry$$00000004          0x08000208   Section        6  __rtentry4.o(.ARM.Collect$$rtentry$$00000004)
    .ARM.Collect$$rtentry$$00000009          0x0800020e   Section        0  __rtentry2.o(.ARM.Collect$$rtentry$$00000009)
    .ARM.Collect$$rtentry$$0000000A          0x0800020e   Section        4  __rtentry2.o(.ARM.Collect$$rtentry$$0000000A)
    .ARM.Collect$$rtentry$$0000000C          0x08000212   Section        0  __rtentry2.o(.ARM.Collect$$rtentry$$0000000C)
    .ARM.Collect$$rtentry$$0000000D          0x08000212   Section        8  __rtentry2.o(.ARM.Collect$$rtentry$$0000000D)
    .ARM.Collect$$rtexit$$00000000           0x0800021a   Section        2  rtexit.o(.ARM.Collect$$rtexit$$00000000)
    .ARM.Collect$$rtexit$$00000002           0x0800021c   Section        0  rtexit2.o(.ARM.Collect$$rtexit$$00000002)
    .ARM.Collect$$rtexit$$00000003           0x0800021c   Section        4  rtexit2.o(.ARM.Collect$$rtexit$$00000003)
    .ARM.Collect$$rtexit$$00000004           0x08000220   Section        6  rtexit2.o(.ARM.Collect$$rtexit$$00000004)
    $v0                                      0x08000228   Number         0  startup_stm32f303x8.o(.text)
    .text                                    0x08000228   Section       64  startup_stm32f303x8.o(.text)
    .text                                    0x08000268   Section        0  strtok.o(.text)
    .text                                    0x08000278   Section      124  strcmpv7em.o(.text)
    .text                                    0x080002f4   Section        0  heapauxi.o(.text)
    .text                                    0x080002fc   Section        0  strtok_int.o(.text)
    .text                                    0x08000340   Section        0  strcspn.o(.text)
    .text                                    0x08000360   Section        0  strspn.o(.text)
    .text                                    0x0800037c   Section       74  sys_stackheap_outer.o(.text)
    .text                                    0x080003c6   Section        0  exit.o(.text)
    .text                                    0x080003d8   Section        8  libspace.o(.text)
    .text                                    0x080003e0   Section        0  sys_exit.o(.text)
    .text                                    0x080003ec   Section        2  use_no_semi.o(.text)
    .text                                    0x080003ee   Section        0  indicate_semi.o(.text)
    [Anonymous Symbol]                       0x080003f0   Section        0  main.o(.text.IC_Init)
    [Anonymous Symbol]                       0x0800048c   Section        0  main.o(.text.PWM_Init)
    [Anonymous Symbol]                       0x08000544   Section        0  system_stm32f3xx.o(.text.SystemCoreClockUpdate)
    [Anonymous Symbol]                       0x08000654   Section        0  system_stm32f3xx.o(.text.SystemInit)
    [Anonymous Symbol]                       0x08000668   Section        0  main.o(.text.TIM3_IRQHandler)
    [Anonymous Symbol]                       0x080007a0   Section        0  func_uart.o(.text.USART2_IRQHandler)
    [Anonymous Symbol]                       0x0800082c   Section        0  func_uart.o(.text.USART_Send)
    [Anonymous Symbol]                       0x0800085c   Section        0  func_uart.o(.text.USART_config)
    [Anonymous Symbol]                       0x080008f4   Section        0  func_uart.o(.text.USART_putString)
    __NVIC_EnableIRQ                         0x08000919   Thumb Code    48  main.o(.text.__NVIC_EnableIRQ)
    [Anonymous Symbol]                       0x08000918   Section        0  main.o(.text.__NVIC_EnableIRQ)
    __NVIC_EnableIRQ                         0x08000949   Thumb Code    48  func_uart.o(.text.__NVIC_EnableIRQ)
    [Anonymous Symbol]                       0x08000948   Section        0  func_uart.o(.text.__NVIC_EnableIRQ)
    [Anonymous Symbol]                       0x08000978   Section        0  funciones.o(.text.blockFill)
    [Anonymous Symbol]                       0x08000988   Section        0  funciones.o(.text.call)
    [Anonymous Symbol]                       0x08000998   Section        0  main.o(.text.clk_config)
    [Anonymous Symbol]                       0x08000a10   Section        0  funciones.o(.text.ioMap)
    [Anonymous Symbol]                       0x08000a20   Section        0  funciones.o(.text.ioUnmap)
    [Anonymous Symbol]                       0x08000a30   Section        0  funciones.o(.text.lcdPrint)
    [Anonymous Symbol]                       0x08000a40   Section        0  main.o(.text.main)
    [Anonymous Symbol]                       0x08000aec   Section        0  funciones.o(.text.memoryDisplay)
    [Anonymous Symbol]                       0x08000afc   Section        0  funciones.o(.text.memoryModify)
    [Anonymous Symbol]                       0x08000b0c   Section        0  main.o(.text.read_command)
    [Anonymous Symbol]                       0x08000cc4   Section        0  funciones.o(.text.registerDisplay)
    [Anonymous Symbol]                       0x08000cd4   Section        0  funciones.o(.text.registerModify)
    [Anonymous Symbol]                       0x08000ce4   Section        0  funciones.o(.text.run)
    [Anonymous Symbol]                       0x08000cf4   Section        0  funciones.o(.text.segmentOut)
    [Anonymous Symbol]                       0x08000d04   Section        0  func_uart.o(.text.tokenizer)
    $v0                                      0x08000d58   Number         0  d2f.o(x$fpl$d2f)
    x$fpl$d2f                                0x08000d58   Section       98  d2f.o(x$fpl$d2f)
    $v0                                      0x08000dba   Number         0  dflt_clz.o(x$fpl$dflt)
    x$fpl$dflt                               0x08000dba   Section       46  dflt_clz.o(x$fpl$dflt)
    $v0                                      0x08000de8   Number         0  dmul.o(x$fpl$dmul)
    x$fpl$dmul                               0x08000de8   Section      340  dmul.o(x$fpl$dmul)
    $v0                                      0x08000f3c   Number         0  dnaninf.o(x$fpl$dnaninf)
    x$fpl$dnaninf                            0x08000f3c   Section      156  dnaninf.o(x$fpl$dnaninf)
    $v0                                      0x08000fd8   Number         0  dretinf.o(x$fpl$dretinf)
    x$fpl$dretinf                            0x08000fd8   Section       12  dretinf.o(x$fpl$dretinf)
    $v0                                      0x08000fe4   Number         0  fpinit.o(x$fpl$fpinit)
    x$fpl$fpinit                             0x08000fe4   Section       26  fpinit.o(x$fpl$fpinit)
    $v0                                      0x08000ffe   Number         0  fretinf.o(x$fpl$fretinf)
    x$fpl$fretinf                            0x08000ffe   Section       10  fretinf.o(x$fpl$fretinf)
    x$fpl$usenofp                            0x08001008   Section        0  usenofp.o(x$fpl$usenofp)
    .L.str.16                                0x08001018   Data          25  main.o(.rodata.str1.1)
    [Anonymous Symbol]                       0x08001018   Section        0  main.o(.rodata.str1.1)
    .L.str.3                                 0x08001031   Data          80  main.o(.rodata.str1.1)
    .L.str.2                                 0x08001081   Data          81  main.o(.rodata.str1.1)
    .L.str.1                                 0x080010d2   Data          62  main.o(.rodata.str1.1)
    .L.str                                   0x08001110   Data          78  main.o(.rodata.str1.1)
    .L.str.17                                0x0800115e   Data           5  main.o(.rodata.str1.1)
    .L.str.4                                 0x0800115f   Data           4  main.o(.rodata.str1.1)
    .L.str                                   0x08001161   Data           2  main.o(.rodata.str1.1)
    .L.str.15                                0x08001163   Data           4  main.o(.rodata.str1.1)
    .L.str.7                                 0x08001167   Data           3  main.o(.rodata.str1.1)
    .L.str.5                                 0x0800116a   Data           3  main.o(.rodata.str1.1)
    .L.str.9                                 0x0800116d   Data           3  main.o(.rodata.str1.1)
    .L.str.11                                0x08001170   Data           5  main.o(.rodata.str1.1)
    .L.str.8                                 0x08001175   Data           3  main.o(.rodata.str1.1)
    .L.str.6                                 0x08001178   Data           3  main.o(.rodata.str1.1)
    .L.str.10                                0x0800117b   Data           4  main.o(.rodata.str1.1)
    .L.str.13                                0x0800117f   Data           8  main.o(.rodata.str1.1)
    .L.str.12                                0x08001187   Data           6  main.o(.rodata.str1.1)
    .L.str.14                                0x0800118d   Data           8  main.o(.rodata.str1.1)
    .L.str.6                                 0x08001195   Data           9  funciones.o(.rodata.str1.1)
    [Anonymous Symbol]                       0x08001195   Section        0  funciones.o(.rodata.str1.1)
    .L.str.4                                 0x0800119e   Data          15  funciones.o(.rodata.str1.1)
    .L.str.5                                 0x080011ad   Data           8  funciones.o(.rodata.str1.1)
    .L.str.7                                 0x080011b5   Data          12  funciones.o(.rodata.str1.1)
    .L.str.8                                 0x080011c1   Data          14  funciones.o(.rodata.str1.1)
    .L.str.10                                0x080011cf   Data          14  funciones.o(.rodata.str1.1)
    .L.str.9                                 0x080011dd   Data          16  funciones.o(.rodata.str1.1)
    .L.str                                   0x080011ed   Data          21  funciones.o(.rodata.str1.1)
    .L.str.2                                 0x08001202   Data          19  funciones.o(.rodata.str1.1)
    .L.str.1                                 0x08001215   Data          20  funciones.o(.rodata.str1.1)
    .L.str.3                                 0x08001229   Data          18  funciones.o(.rodata.str1.1)
    _strtok_saves1                           0x20000000   Data           4  strtok.o(.data)
    .data                                    0x20000000   Section        4  strtok.o(.data)
    .bss                                     0x20000018   Section       96  libspace.o(.bss)
    ap_us                                    0x20000078   Data           4  main.o(.bss.ap_us)
    [Anonymous Symbol]                       0x20000078   Section        0  main.o(.bss.ap_us)
    capture_fall                             0x2000007c   Data           2  main.o(.bss.capture_fall)
    [Anonymous Symbol]                       0x2000007c   Section        0  main.o(.bss.capture_fall)
    capture_rise                             0x2000007e   Data           2  main.o(.bss.capture_rise)
    [Anonymous Symbol]                       0x2000007e   Section        0  main.o(.bss.capture_rise)
    capture_rise_ant                         0x20000080   Data           2  main.o(.bss.capture_rise_ant)
    [Anonymous Symbol]                       0x20000080   Section        0  main.o(.bss.capture_rise_ant)
    count                                    0x20000084   Data           4  main.o(.bss.count)
    [Anonymous Symbol]                       0x20000084   Section        0  main.o(.bss.count)
    duty_cycle                               0x2000008c   Data           4  main.o(.bss.duty_cycle)
    [Anonymous Symbol]                       0x2000008c   Section        0  main.o(.bss.duty_cycle)
    freq_khz                                 0x20000090   Data           4  main.o(.bss.freq_khz)
    [Anonymous Symbol]                       0x20000090   Section        0  main.o(.bss.freq_khz)
    period_us                                0x20000098   Data           4  main.o(.bss.period_us)
    [Anonymous Symbol]                       0x20000098   Section        0  main.o(.bss.period_us)
    Heap_Mem                                 0x200000c0   Data         512  startup_stm32f303x8.o(HEAP)
    HEAP                                     0x200000c0   Section      512  startup_stm32f303x8.o(HEAP)
    Stack_Mem                                0x200002c0   Data        1024  startup_stm32f303x8.o(STACK)
    STACK                                    0x200002c0   Section     1024  startup_stm32f303x8.o(STACK)
    __initial_sp                             0x200006c0   Data           0  startup_stm32f303x8.o(STACK)

    Global Symbols

    Symbol Name                              Value     Ov Type        Size  Object(Section)

    BuildAttributes$$THM_ISAv4$E$P$D$K$B$S$7EM$VFPi3$EXTD16$VFPS$VFMA$PE$A:L22UL41UL21$X:L11$S22US41US21$IEEE1$IW$~IW$USESV6$~STKCKD$USESV7$~SHL$OSPACE$ROPI$EBA8$UX$STANDARDLIB$REQ8$PRES8$EABIv2 0x00000000   Number         0  anon$$obj.o ABSOLUTE
    __ARM_exceptions_init                     - Undefined Weak Reference
    __alloca_initialize                       - Undefined Weak Reference
    __arm_preinit_                            - Undefined Weak Reference
    __arm_relocate_pie_                       - Undefined Weak Reference
    __cpp_initialize__aeabi_                  - Undefined Weak Reference
    __cxa_finalize                            - Undefined Weak Reference
    __rt_locale                               - Undefined Weak Reference
    __sigvec_lookup                           - Undefined Weak Reference
    _atexit_init                              - Undefined Weak Reference
    _call_atexit_fns                          - Undefined Weak Reference
    _clock_init                               - Undefined Weak Reference
    _fp_trap_init                             - Undefined Weak Reference
    _fp_trap_shutdown                         - Undefined Weak Reference
    _get_lc_collate                           - Undefined Weak Reference
    _get_lc_ctype                             - Undefined Weak Reference
    _get_lc_monetary                          - Undefined Weak Reference
    _get_lc_numeric                           - Undefined Weak Reference
    _get_lc_time                              - Undefined Weak Reference
    _getenv_init                              - Undefined Weak Reference
    _handle_redirection                       - Undefined Weak Reference
    _init_alloc                               - Undefined Weak Reference
    _init_user_alloc                          - Undefined Weak Reference
    _initio                                   - Undefined Weak Reference
    _rand_init                                - Undefined Weak Reference
    _signal_finish                            - Undefined Weak Reference
    _signal_init                              - Undefined Weak Reference
    _terminate_alloc                          - Undefined Weak Reference
    _terminate_user_alloc                     - Undefined Weak Reference
    _terminateio                              - Undefined Weak Reference
    __Vectors_Size                           0x00000188   Number         0  startup_stm32f303x8.o ABSOLUTE
    __Vectors                                0x08000000   Data           4  startup_stm32f303x8.o(RESET)
    __Vectors_End                            0x08000188   Data           0  startup_stm32f303x8.o(RESET)
    __main                                   0x08000189   Thumb Code     8  __main.o(!!!main)
    __scatterload                            0x08000191   Thumb Code     0  __scatter.o(!!!scatter)
    __scatterload_rt2                        0x08000191   Thumb Code    44  __scatter.o(!!!scatter)
    __scatterload_rt2_thumb_only             0x08000191   Thumb Code     0  __scatter.o(!!!scatter)
    __scatterload_null                       0x0800019f   Thumb Code     0  __scatter.o(!!!scatter)
    __scatterload_copy                       0x080001c5   Thumb Code    26  __scatter_copy.o(!!handler_copy)
    __scatterload_zeroinit                   0x080001e1   Thumb Code    28  __scatter_zi.o(!!handler_zi)
    __rt_lib_init                            0x080001fd   Thumb Code     0  libinit.o(.ARM.Collect$$libinit$$00000000)
    __rt_lib_init_fp_1                       0x080001ff   Thumb Code     0  libinit2.o(.ARM.Collect$$libinit$$00000001)
    __rt_lib_init_alloca_1                   0x08000203   Thumb Code     0  libinit2.o(.ARM.Collect$$libinit$$00000030)
    __rt_lib_init_argv_1                     0x08000203   Thumb Code     0  libinit2.o(.ARM.Collect$$libinit$$0000002E)
    __rt_lib_init_atexit_1                   0x08000203   Thumb Code     0  libinit2.o(.ARM.Collect$$libinit$$0000001D)
    __rt_lib_init_clock_1                    0x08000203   Thumb Code     0  libinit2.o(.ARM.Collect$$libinit$$00000023)
    __rt_lib_init_cpp_1                      0x08000203   Thumb Code     0  libinit2.o(.ARM.Collect$$libinit$$00000034)
    __rt_lib_init_exceptions_1               0x08000203   Thumb Code     0  libinit2.o(.ARM.Collect$$libinit$$00000032)
    __rt_lib_init_fp_trap_1                  0x08000203   Thumb Code     0  libinit2.o(.ARM.Collect$$libinit$$00000021)
    __rt_lib_init_getenv_1                   0x08000203   Thumb Code     0  libinit2.o(.ARM.Collect$$libinit$$00000025)
    __rt_lib_init_heap_1                     0x08000203   Thumb Code     0  libinit2.o(.ARM.Collect$$libinit$$0000000C)
    __rt_lib_init_lc_collate_1               0x08000203   Thumb Code     0  libinit2.o(.ARM.Collect$$libinit$$00000013)
    __rt_lib_init_lc_ctype_1                 0x08000203   Thumb Code     0  libinit2.o(.ARM.Collect$$libinit$$00000015)
    __rt_lib_init_lc_monetary_1              0x08000203   Thumb Code     0  libinit2.o(.ARM.Collect$$libinit$$00000017)
    __rt_lib_init_lc_numeric_1               0x08000203   Thumb Code     0  libinit2.o(.ARM.Collect$$libinit$$00000019)
    __rt_lib_init_lc_time_1                  0x08000203   Thumb Code     0  libinit2.o(.ARM.Collect$$libinit$$0000001B)
    __rt_lib_init_preinit_1                  0x08000203   Thumb Code     0  libinit2.o(.ARM.Collect$$libinit$$00000006)
    __rt_lib_init_rand_1                     0x08000203   Thumb Code     0  libinit2.o(.ARM.Collect$$libinit$$00000010)
    __rt_lib_init_relocate_pie_1             0x08000203   Thumb Code     0  libinit2.o(.ARM.Collect$$libinit$$00000004)
    __rt_lib_init_return                     0x08000203   Thumb Code     0  libinit2.o(.ARM.Collect$$libinit$$00000035)
    __rt_lib_init_signal_1                   0x08000203   Thumb Code     0  libinit2.o(.ARM.Collect$$libinit$$0000001F)
    __rt_lib_init_stdio_1                    0x08000203   Thumb Code     0  libinit2.o(.ARM.Collect$$libinit$$00000027)
    __rt_lib_init_user_alloc_1               0x08000203   Thumb Code     0  libinit2.o(.ARM.Collect$$libinit$$0000000E)
    __rt_lib_shutdown                        0x08000205   Thumb Code     0  libshutdown.o(.ARM.Collect$$libshutdown$$00000000)
    __rt_lib_shutdown_cpp_1                  0x08000207   Thumb Code     0  libshutdown2.o(.ARM.Collect$$libshutdown$$00000002)
    __rt_lib_shutdown_fp_trap_1              0x08000207   Thumb Code     0  libshutdown2.o(.ARM.Collect$$libshutdown$$00000007)
    __rt_lib_shutdown_heap_1                 0x08000207   Thumb Code     0  libshutdown2.o(.ARM.Collect$$libshutdown$$0000000F)
    __rt_lib_shutdown_return                 0x08000207   Thumb Code     0  libshutdown2.o(.ARM.Collect$$libshutdown$$00000010)
    __rt_lib_shutdown_signal_1               0x08000207   Thumb Code     0  libshutdown2.o(.ARM.Collect$$libshutdown$$0000000A)
    __rt_lib_shutdown_stdio_1                0x08000207   Thumb Code     0  libshutdown2.o(.ARM.Collect$$libshutdown$$00000004)
    __rt_lib_shutdown_user_alloc_1           0x08000207   Thumb Code     0  libshutdown2.o(.ARM.Collect$$libshutdown$$0000000C)
    __rt_entry                               0x08000209   Thumb Code     0  __rtentry.o(.ARM.Collect$$rtentry$$00000000)
    __rt_entry_presh_1                       0x08000209   Thumb Code     0  __rtentry2.o(.ARM.Collect$$rtentry$$00000002)
    __rt_entry_sh                            0x08000209   Thumb Code     0  __rtentry4.o(.ARM.Collect$$rtentry$$00000004)
    __rt_entry_li                            0x0800020f   Thumb Code     0  __rtentry2.o(.ARM.Collect$$rtentry$$0000000A)
    __rt_entry_postsh_1                      0x0800020f   Thumb Code     0  __rtentry2.o(.ARM.Collect$$rtentry$$00000009)
    __rt_entry_main                          0x08000213   Thumb Code     0  __rtentry2.o(.ARM.Collect$$rtentry$$0000000D)
    __rt_entry_postli_1                      0x08000213   Thumb Code     0  __rtentry2.o(.ARM.Collect$$rtentry$$0000000C)
    __rt_exit                                0x0800021b   Thumb Code     0  rtexit.o(.ARM.Collect$$rtexit$$00000000)
    __rt_exit_ls                             0x0800021d   Thumb Code     0  rtexit2.o(.ARM.Collect$$rtexit$$00000003)
    __rt_exit_prels_1                        0x0800021d   Thumb Code     0  rtexit2.o(.ARM.Collect$$rtexit$$00000002)
    __rt_exit_exit                           0x08000221   Thumb Code     0  rtexit2.o(.ARM.Collect$$rtexit$$00000004)
    Reset_Handler                            0x08000229   Thumb Code     8  startup_stm32f303x8.o(.text)
    NMI_Handler                              0x08000231   Thumb Code     2  startup_stm32f303x8.o(.text)
    HardFault_Handler                        0x08000233   Thumb Code     2  startup_stm32f303x8.o(.text)
    MemManage_Handler                        0x08000235   Thumb Code     2  startup_stm32f303x8.o(.text)
    BusFault_Handler                         0x08000237   Thumb Code     2  startup_stm32f303x8.o(.text)
    UsageFault_Handler                       0x08000239   Thumb Code     2  startup_stm32f303x8.o(.text)
    SVC_Handler                              0x0800023b   Thumb Code     2  startup_stm32f303x8.o(.text)
    DebugMon_Handler                         0x0800023d   Thumb Code     2  startup_stm32f303x8.o(.text)
    PendSV_Handler                           0x0800023f   Thumb Code     2  startup_stm32f303x8.o(.text)
    SysTick_Handler                          0x08000241   Thumb Code     2  startup_stm32f303x8.o(.text)
    ADC1_2_IRQHandler                        0x08000243   Thumb Code     0  startup_stm32f303x8.o(.text)
    CAN_RX0_IRQHandler                       0x08000243   Thumb Code     0  startup_stm32f303x8.o(.text)
    CAN_RX1_IRQHandler                       0x08000243   Thumb Code     0  startup_stm32f303x8.o(.text)
    CAN_SCE_IRQHandler                       0x08000243   Thumb Code     0  startup_stm32f303x8.o(.text)
    CAN_TX_IRQHandler                        0x08000243   Thumb Code     0  startup_stm32f303x8.o(.text)
    COMP2_IRQHandler                         0x08000243   Thumb Code     0  startup_stm32f303x8.o(.text)
    COMP4_6_IRQHandler                       0x08000243   Thumb Code     0  startup_stm32f303x8.o(.text)
    DMA1_Channel1_IRQHandler                 0x08000243   Thumb Code     0  startup_stm32f303x8.o(.text)
    DMA1_Channel2_IRQHandler                 0x08000243   Thumb Code     0  startup_stm32f303x8.o(.text)
    DMA1_Channel3_IRQHandler                 0x08000243   Thumb Code     0  startup_stm32f303x8.o(.text)
    DMA1_Channel4_IRQHandler                 0x08000243   Thumb Code     0  startup_stm32f303x8.o(.text)
    DMA1_Channel5_IRQHandler                 0x08000243   Thumb Code     0  startup_stm32f303x8.o(.text)
    DMA1_Channel6_IRQHandler                 0x08000243   Thumb Code     0  startup_stm32f303x8.o(.text)
    DMA1_Channel7_IRQHandler                 0x08000243   Thumb Code     0  startup_stm32f303x8.o(.text)
    EXTI0_IRQHandler                         0x08000243   Thumb Code     0  startup_stm32f303x8.o(.text)
    EXTI15_10_IRQHandler                     0x08000243   Thumb Code     0  startup_stm32f303x8.o(.text)
    EXTI1_IRQHandler                         0x08000243   Thumb Code     0  startup_stm32f303x8.o(.text)
    EXTI2_TSC_IRQHandler                     0x08000243   Thumb Code     0  startup_stm32f303x8.o(.text)
    EXTI3_IRQHandler                         0x08000243   Thumb Code     0  startup_stm32f303x8.o(.text)
    EXTI4_IRQHandler                         0x08000243   Thumb Code     0  startup_stm32f303x8.o(.text)
    EXTI9_5_IRQHandler                       0x08000243   Thumb Code     0  startup_stm32f303x8.o(.text)
    FLASH_IRQHandler                         0x08000243   Thumb Code     0  startup_stm32f303x8.o(.text)
    FPU_IRQHandler                           0x08000243   Thumb Code     0  startup_stm32f303x8.o(.text)
    I2C1_ER_IRQHandler                       0x08000243   Thumb Code     0  startup_stm32f303x8.o(.text)
    I2C1_EV_IRQHandler                       0x08000243   Thumb Code     0  startup_stm32f303x8.o(.text)
    PVD_IRQHandler                           0x08000243   Thumb Code     0  startup_stm32f303x8.o(.text)
    RCC_IRQHandler                           0x08000243   Thumb Code     0  startup_stm32f303x8.o(.text)
    RTC_Alarm_IRQHandler                     0x08000243   Thumb Code     0  startup_stm32f303x8.o(.text)
    RTC_WKUP_IRQHandler                      0x08000243   Thumb Code     0  startup_stm32f303x8.o(.text)
    SPI1_IRQHandler                          0x08000243   Thumb Code     0  startup_stm32f303x8.o(.text)
    TAMP_STAMP_IRQHandler                    0x08000243   Thumb Code     0  startup_stm32f303x8.o(.text)
    TIM1_BRK_TIM15_IRQHandler                0x08000243   Thumb Code     0  startup_stm32f303x8.o(.text)
    TIM1_CC_IRQHandler                       0x08000243   Thumb Code     0  startup_stm32f303x8.o(.text)
    TIM1_TRG_COM_TIM17_IRQHandler            0x08000243   Thumb Code     0  startup_stm32f303x8.o(.text)
    TIM1_UP_TIM16_IRQHandler                 0x08000243   Thumb Code     0  startup_stm32f303x8.o(.text)
    TIM2_IRQHandler                          0x08000243   Thumb Code     0  startup_stm32f303x8.o(.text)
    TIM6_DAC1_IRQHandler                     0x08000243   Thumb Code     0  startup_stm32f303x8.o(.text)
    TIM7_DAC2_IRQHandler                     0x08000243   Thumb Code     0  startup_stm32f303x8.o(.text)
    USART1_IRQHandler                        0x08000243   Thumb Code     0  startup_stm32f303x8.o(.text)
    USART3_IRQHandler                        0x08000243   Thumb Code     0  startup_stm32f303x8.o(.text)
    WWDG_IRQHandler                          0x08000243   Thumb Code     0  startup_stm32f303x8.o(.text)
    __user_initial_stackheap                 0x08000245   Thumb Code     0  startup_stm32f303x8.o(.text)
    strtok                                   0x08000269   Thumb Code     6  strtok.o(.text)
    strcmp                                   0x08000279   Thumb Code   124  strcmpv7em.o(.text)
    __use_two_region_memory                  0x080002f5   Thumb Code     2  heapauxi.o(.text)
    __rt_heap_escrow$2region                 0x080002f7   Thumb Code     2  heapauxi.o(.text)
    __rt_heap_expand$2region                 0x080002f9   Thumb Code     2  heapauxi.o(.text)
    __strtok_internal                        0x080002fd   Thumb Code    64  strtok_int.o(.text)
    strcspn                                  0x08000341   Thumb Code    32  strcspn.o(.text)
    strspn                                   0x08000361   Thumb Code    28  strspn.o(.text)
    __user_setup_stackheap                   0x0800037d   Thumb Code    74  sys_stackheap_outer.o(.text)
    exit                                     0x080003c7   Thumb Code    18  exit.o(.text)
    __user_libspace                          0x080003d9   Thumb Code     8  libspace.o(.text)
    __user_perproc_libspace                  0x080003d9   Thumb Code     0  libspace.o(.text)
    __user_perthread_libspace                0x080003d9   Thumb Code     0  libspace.o(.text)
    _sys_exit                                0x080003e1   Thumb Code     8  sys_exit.o(.text)
    __I$use$semihosting                      0x080003ed   Thumb Code     0  use_no_semi.o(.text)
    __use_no_semihosting_swi                 0x080003ed   Thumb Code     2  use_no_semi.o(.text)
    __semihosting_library_function           0x080003ef   Thumb Code     0  indicate_semi.o(.text)
    IC_Init                                  0x080003f1   Thumb Code   156  main.o(.text.IC_Init)
    PWM_Init                                 0x0800048d   Thumb Code   184  main.o(.text.PWM_Init)
    SystemCoreClockUpdate                    0x08000545   Thumb Code   272  system_stm32f3xx.o(.text.SystemCoreClockUpdate)
    SystemInit                               0x08000655   Thumb Code    18  system_stm32f3xx.o(.text.SystemInit)
    TIM3_IRQHandler                          0x08000669   Thumb Code   312  main.o(.text.TIM3_IRQHandler)
    USART2_IRQHandler                        0x080007a1   Thumb Code   138  func_uart.o(.text.USART2_IRQHandler)
    USART_Send                               0x0800082d   Thumb Code    46  func_uart.o(.text.USART_Send)
    USART_config                             0x0800085d   Thumb Code   150  func_uart.o(.text.USART_config)
    USART_putString                          0x080008f5   Thumb Code    36  func_uart.o(.text.USART_putString)
    blockFill                                0x08000979   Thumb Code    16  funciones.o(.text.blockFill)
    call                                     0x08000989   Thumb Code    16  funciones.o(.text.call)
    clk_config                               0x08000999   Thumb Code   118  main.o(.text.clk_config)
    ioMap                                    0x08000a11   Thumb Code    16  funciones.o(.text.ioMap)
    ioUnmap                                  0x08000a21   Thumb Code    16  funciones.o(.text.ioUnmap)
    lcdPrint                                 0x08000a31   Thumb Code    16  funciones.o(.text.lcdPrint)
    main                                     0x08000a41   Thumb Code   172  main.o(.text.main)
    memoryDisplay                            0x08000aed   Thumb Code    16  funciones.o(.text.memoryDisplay)
    memoryModify                             0x08000afd   Thumb Code    16  funciones.o(.text.memoryModify)
    read_command                             0x08000b0d   Thumb Code   438  main.o(.text.read_command)
    registerDisplay                          0x08000cc5   Thumb Code    16  funciones.o(.text.registerDisplay)
    registerModify                           0x08000cd5   Thumb Code    16  funciones.o(.text.registerModify)
    run                                      0x08000ce5   Thumb Code    16  funciones.o(.text.run)
    segmentOut                               0x08000cf5   Thumb Code    16  funciones.o(.text.segmentOut)
    tokenizer                                0x08000d05   Thumb Code    84  func_uart.o(.text.tokenizer)
    __aeabi_d2f                              0x08000d59   Thumb Code     0  d2f.o(x$fpl$d2f)
    _d2f                                     0x08000d59   Thumb Code    98  d2f.o(x$fpl$d2f)
    __aeabi_i2d                              0x08000dbb   Thumb Code     0  dflt_clz.o(x$fpl$dflt)
    _dflt                                    0x08000dbb   Thumb Code    46  dflt_clz.o(x$fpl$dflt)
    __aeabi_dmul                             0x08000de9   Thumb Code     0  dmul.o(x$fpl$dmul)
    _dmul                                    0x08000de9   Thumb Code   332  dmul.o(x$fpl$dmul)
    __fpl_dnaninf                            0x08000f3d   Thumb Code   156  dnaninf.o(x$fpl$dnaninf)
    __fpl_dretinf                            0x08000fd9   Thumb Code    12  dretinf.o(x$fpl$dretinf)
    _fp_init                                 0x08000fe5   Thumb Code    26  fpinit.o(x$fpl$fpinit)
    __fplib_config_fpu_vfp                   0x08000ffd   Thumb Code     0  fpinit.o(x$fpl$fpinit)
    __fplib_config_pureend_doubles           0x08000ffd   Thumb Code     0  fpinit.o(x$fpl$fpinit)
    __fpl_fretinf                            0x08000fff   Thumb Code    10  fretinf.o(x$fpl$fretinf)
    AHBPrescTable                            0x08001008   Data          16  system_stm32f3xx.o(.rodata.AHBPrescTable)
    __I$use$fp                               0x08001008   Number         0  usenofp.o(x$fpl$usenofp)
    Region$$Table$$Base                      0x0800123c   Number         0  anon$$obj.o(Region$$Table)
    Region$$Table$$Limit                     0x0800125c   Number         0  anon$$obj.o(Region$$Table)
    SystemCoreClock                          0x20000004   Data           4  system_stm32f3xx.o(.data.SystemCoreClock)
    tokens                                   0x20000008   Data          16  func_uart.o(.data.tokens)
    __libspace_start                         0x20000018   Data          96  libspace.o(.bss)
    __temporary_stack_top$libspace           0x20000078   Data           0  libspace.o(.bss)
    cmd_ready                                0x20000082   Data           1  func_uart.o(.bss.cmd_ready)
    data                                     0x20000088   Data           1  func_uart.o(.bss.data)
    n                                        0x20000094   Data           1  func_uart.o(.bss.n)
    rx_buffer                                0x2000009c   Data          32  func_uart.o(.bss.rx_buffer)



==============================================================================

Memory Map of the image

  Image Entry point : 0x08000229

  Load Region LR_1 (Base: 0x08000000, Size: 0x00001274, Max: 0xffffffff, ABSOLUTE)

    Execution Region ER_RO (Exec base: 0x08000000, Load base: 0x08000000, Size: 0x0000125c, Max: 0xffffffff, ABSOLUTE)

    Exec Addr    Load Addr    Size         Type   Attr      Idx    E Section Name        Object

    0x08000000   0x08000000   0x00000188   Data   RO           94    RESET               startup_stm32f303x8.o
    0x08000188   0x08000188   0x00000008   Code   RO          124  * !!!main             c_w.l(__main.o)
    0x08000190   0x08000190   0x00000034   Code   RO          312    !!!scatter          c_w.l(__scatter.o)
    0x080001c4   0x080001c4   0x0000001a   Code   RO          314    !!handler_copy      c_w.l(__scatter_copy.o)
    0x080001de   0x080001de   0x00000002   PAD
    0x080001e0   0x080001e0   0x0000001c   Code   RO          316    !!handler_zi        c_w.l(__scatter_zi.o)
    0x080001fc   0x080001fc   0x00000002   Code   RO          174    .ARM.Collect$$libinit$$00000000  c_w.l(libinit.o)
    0x080001fe   0x080001fe   0x00000004   Code   RO          180    .ARM.Collect$$libinit$$00000001  c_w.l(libinit2.o)
    0x08000202   0x08000202   0x00000000   Code   RO          183    .ARM.Collect$$libinit$$00000004  c_w.l(libinit2.o)
    0x08000202   0x08000202   0x00000000   Code   RO          185    .ARM.Collect$$libinit$$00000006  c_w.l(libinit2.o)
    0x08000202   0x08000202   0x00000000   Code   RO          188    .ARM.Collect$$libinit$$0000000C  c_w.l(libinit2.o)
    0x08000202   0x08000202   0x00000000   Code   RO          190    .ARM.Collect$$libinit$$0000000E  c_w.l(libinit2.o)
    0x08000202   0x08000202   0x00000000   Code   RO          192    .ARM.Collect$$libinit$$00000010  c_w.l(libinit2.o)
    0x08000202   0x08000202   0x00000000   Code   RO          195    .ARM.Collect$$libinit$$00000013  c_w.l(libinit2.o)
    0x08000202   0x08000202   0x00000000   Code   RO          197    .ARM.Collect$$libinit$$00000015  c_w.l(libinit2.o)
    0x08000202   0x08000202   0x00000000   Code   RO          199    .ARM.Collect$$libinit$$00000017  c_w.l(libinit2.o)
    0x08000202   0x08000202   0x00000000   Code   RO          201    .ARM.Collect$$libinit$$00000019  c_w.l(libinit2.o)
    0x08000202   0x08000202   0x00000000   Code   RO          203    .ARM.Collect$$libinit$$0000001B  c_w.l(libinit2.o)
    0x08000202   0x08000202   0x00000000   Code   RO          205    .ARM.Collect$$libinit$$0000001D  c_w.l(libinit2.o)
    0x08000202   0x08000202   0x00000000   Code   RO          207    .ARM.Collect$$libinit$$0000001F  c_w.l(libinit2.o)
    0x08000202   0x08000202   0x00000000   Code   RO          209    .ARM.Collect$$libinit$$00000021  c_w.l(libinit2.o)
    0x08000202   0x08000202   0x00000000   Code   RO          211    .ARM.Collect$$libinit$$00000023  c_w.l(libinit2.o)
    0x08000202   0x08000202   0x00000000   Code   RO          213    .ARM.Collect$$libinit$$00000025  c_w.l(libinit2.o)
    0x08000202   0x08000202   0x00000000   Code   RO          215    .ARM.Collect$$libinit$$00000027  c_w.l(libinit2.o)
    0x08000202   0x08000202   0x00000000   Code   RO          219    .ARM.Collect$$libinit$$0000002E  c_w.l(libinit2.o)
    0x08000202   0x08000202   0x00000000   Code   RO          221    .ARM.Collect$$libinit$$00000030  c_w.l(libinit2.o)
    0x08000202   0x08000202   0x00000000   Code   RO          223    .ARM.Collect$$libinit$$00000032  c_w.l(libinit2.o)
    0x08000202   0x08000202   0x00000000   Code   RO          225    .ARM.Collect$$libinit$$00000034  c_w.l(libinit2.o)
    0x08000202   0x08000202   0x00000002   Code   RO          226    .ARM.Collect$$libinit$$00000035  c_w.l(libinit2.o)
    0x08000204   0x08000204   0x00000002   Code   RO          248    .ARM.Collect$$libshutdown$$00000000  c_w.l(libshutdown.o)
    0x08000206   0x08000206   0x00000000   Code   RO          263    .ARM.Collect$$libshutdown$$00000002  c_w.l(libshutdown2.o)
    0x08000206   0x08000206   0x00000000   Code   RO          265    .ARM.Collect$$libshutdown$$00000004  c_w.l(libshutdown2.o)
    0x08000206   0x08000206   0x00000000   Code   RO          268    .ARM.Collect$$libshutdown$$00000007  c_w.l(libshutdown2.o)
    0x08000206   0x08000206   0x00000000   Code   RO          271    .ARM.Collect$$libshutdown$$0000000A  c_w.l(libshutdown2.o)
    0x08000206   0x08000206   0x00000000   Code   RO          273    .ARM.Collect$$libshutdown$$0000000C  c_w.l(libshutdown2.o)
    0x08000206   0x08000206   0x00000000   Code   RO          276    .ARM.Collect$$libshutdown$$0000000F  c_w.l(libshutdown2.o)
    0x08000206   0x08000206   0x00000002   Code   RO          277    .ARM.Collect$$libshutdown$$00000010  c_w.l(libshutdown2.o)
    0x08000208   0x08000208   0x00000000   Code   RO          136    .ARM.Collect$$rtentry$$00000000  c_w.l(__rtentry.o)
    0x08000208   0x08000208   0x00000000   Code   RO          147    .ARM.Collect$$rtentry$$00000002  c_w.l(__rtentry2.o)
    0x08000208   0x08000208   0x00000006   Code   RO          159    .ARM.Collect$$rtentry$$00000004  c_w.l(__rtentry4.o)
    0x0800020e   0x0800020e   0x00000000   Code   RO          149    .ARM.Collect$$rtentry$$00000009  c_w.l(__rtentry2.o)
    0x0800020e   0x0800020e   0x00000004   Code   RO          150    .ARM.Collect$$rtentry$$0000000A  c_w.l(__rtentry2.o)
    0x08000212   0x08000212   0x00000000   Code   RO          152    .ARM.Collect$$rtentry$$0000000C  c_w.l(__rtentry2.o)
    0x08000212   0x08000212   0x00000008   Code   RO          153    .ARM.Collect$$rtentry$$0000000D  c_w.l(__rtentry2.o)
    0x0800021a   0x0800021a   0x00000002   Code   RO          178    .ARM.Collect$$rtexit$$00000000  c_w.l(rtexit.o)
    0x0800021c   0x0800021c   0x00000000   Code   RO          228    .ARM.Collect$$rtexit$$00000002  c_w.l(rtexit2.o)
    0x0800021c   0x0800021c   0x00000004   Code   RO          229    .ARM.Collect$$rtexit$$00000003  c_w.l(rtexit2.o)
    0x08000220   0x08000220   0x00000006   Code   RO          230    .ARM.Collect$$rtexit$$00000004  c_w.l(rtexit2.o)
    0x08000226   0x08000226   0x00000002   PAD
    0x08000228   0x08000228   0x00000040   Code   RO           95  * .text               startup_stm32f303x8.o
    0x08000268   0x08000268   0x0000000c   Code   RO          117    .text               c_w.l(strtok.o)
    0x08000274   0x08000274   0x00000004   PAD
    0x08000278   0x08000278   0x0000007c   Code   RO          120    .text               c_w.l(strcmpv7em.o)
    0x080002f4   0x080002f4   0x00000006   Code   RO          122    .text               c_w.l(heapauxi.o)
    0x080002fa   0x080002fa   0x00000002   PAD
    0x080002fc   0x080002fc   0x00000044   Code   RO          137    .text               c_w.l(strtok_int.o)
    0x08000340   0x08000340   0x00000020   Code   RO          161    .text               c_w.l(strcspn.o)
    0x08000360   0x08000360   0x0000001c   Code   RO          163    .text               c_w.l(strspn.o)
    0x0800037c   0x0800037c   0x0000004a   Code   RO          165    .text               c_w.l(sys_stackheap_outer.o)
    0x080003c6   0x080003c6   0x00000012   Code   RO          167    .text               c_w.l(exit.o)
    0x080003d8   0x080003d8   0x00000008   Code   RO          175    .text               c_w.l(libspace.o)
    0x080003e0   0x080003e0   0x0000000c   Code   RO          238    .text               c_w.l(sys_exit.o)
    0x080003ec   0x080003ec   0x00000002   Code   RO          253    .text               c_w.l(use_no_semi.o)
    0x080003ee   0x080003ee   0x00000000   Code   RO          255    .text               c_w.l(indicate_semi.o)
    0x080003ee   0x080003ee   0x00000002   PAD
    0x080003f0   0x080003f0   0x0000009c   Code   RO            8    .text.IC_Init       main.o
    0x0800048c   0x0800048c   0x000000b8   Code   RO            6    .text.PWM_Init      main.o
    0x08000544   0x08000544   0x00000110   Code   RO          104    .text.SystemCoreClockUpdate  system_stm32f3xx.o
    0x08000654   0x08000654   0x00000012   Code   RO          102    .text.SystemInit    system_stm32f3xx.o
    0x08000666   0x08000666   0x00000002   PAD
    0x08000668   0x08000668   0x00000138   Code   RO           12    .text.TIM3_IRQHandler  main.o
    0x080007a0   0x080007a0   0x0000008a   Code   RO           71    .text.USART2_IRQHandler  func_uart.o
    0x0800082a   0x0800082a   0x00000002   PAD
    0x0800082c   0x0800082c   0x0000002e   Code   RO           73    .text.USART_Send    func_uart.o
    0x0800085a   0x0800085a   0x00000002   PAD
    0x0800085c   0x0800085c   0x00000096   Code   RO           65    .text.USART_config  func_uart.o
    0x080008f2   0x080008f2   0x00000002   PAD
    0x080008f4   0x080008f4   0x00000024   Code   RO           75    .text.USART_putString  func_uart.o
    0x08000918   0x08000918   0x00000030   Code   RO           14    .text.__NVIC_EnableIRQ  main.o
    0x08000948   0x08000948   0x00000030   Code   RO           67    .text.__NVIC_EnableIRQ  func_uart.o
    0x08000978   0x08000978   0x00000010   Code   RO           41    .text.blockFill     funciones.o
    0x08000988   0x08000988   0x00000010   Code   RO           45    .text.call          funciones.o
    0x08000998   0x08000998   0x00000076   Code   RO            4    .text.clk_config    main.o
    0x08000a0e   0x08000a0e   0x00000002   PAD
    0x08000a10   0x08000a10   0x00000010   Code   RO           47    .text.ioMap         funciones.o
    0x08000a20   0x08000a20   0x00000010   Code   RO           49    .text.ioUnmap       funciones.o
    0x08000a30   0x08000a30   0x00000010   Code   RO           53    .text.lcdPrint      funciones.o
    0x08000a40   0x08000a40   0x000000ac   Code   RO            2    .text.main          main.o
    0x08000aec   0x08000aec   0x00000010   Code   RO           37    .text.memoryDisplay  funciones.o
    0x08000afc   0x08000afc   0x00000010   Code   RO           39    .text.memoryModify  funciones.o
    0x08000b0c   0x08000b0c   0x000001b6   Code   RO           10    .text.read_command  main.o
    0x08000cc2   0x08000cc2   0x00000002   PAD
    0x08000cc4   0x08000cc4   0x00000010   Code   RO           33    .text.registerDisplay  funciones.o
    0x08000cd4   0x08000cd4   0x00000010   Code   RO           35    .text.registerModify  funciones.o
    0x08000ce4   0x08000ce4   0x00000010   Code   RO           43    .text.run           funciones.o
    0x08000cf4   0x08000cf4   0x00000010   Code   RO           51    .text.segmentOut    funciones.o
    0x08000d04   0x08000d04   0x00000054   Code   RO           77    .text.tokenizer     func_uart.o
    0x08000d58   0x08000d58   0x00000062   Code   RO          126    x$fpl$d2f           fz_wm.l(d2f.o)
    0x08000dba   0x08000dba   0x0000002e   Code   RO          129    x$fpl$dflt          fz_wm.l(dflt_clz.o)
    0x08000de8   0x08000de8   0x00000154   Code   RO          134    x$fpl$dmul          fz_wm.l(dmul.o)
    0x08000f3c   0x08000f3c   0x0000009c   Code   RO          139    x$fpl$dnaninf       fz_wm.l(dnaninf.o)
    0x08000fd8   0x08000fd8   0x0000000c   Code   RO          141    x$fpl$dretinf       fz_wm.l(dretinf.o)
    0x08000fe4   0x08000fe4   0x0000001a   Code   RO          236    x$fpl$fpinit        fz_wm.l(fpinit.o)
    0x08000ffe   0x08000ffe   0x0000000a   Code   RO          143    x$fpl$fretinf       fz_wm.l(fretinf.o)
    0x08001008   0x08001008   0x00000000   Code   RO          145    x$fpl$usenofp       fz_wm.l(usenofp.o)
    0x08001008   0x08001008   0x00000010   Data   RO          107    .rodata.AHBPrescTable  system_stm32f3xx.o
    0x08001018   0x08001018   0x0000017d   Data   RO           16    .rodata.str1.1      main.o
    0x08001195   0x08001195   0x000000a6   Data   RO           55    .rodata.str1.1      funciones.o
    0x0800123b   0x0800123b   0x00000001   PAD
    0x0800123c   0x0800123c   0x00000020   Data   RO          311    Region$$Table       anon$$obj.o


    Execution Region ER_RW (Exec base: 0x20000000, Load base: 0x0800125c, Size: 0x00000018, Max: 0xffffffff, ABSOLUTE)

    Exec Addr    Load Addr    Size         Type   Attr      Idx    E Section Name        Object

    0x20000000   0x0800125c   0x00000004   Data   RW          118    .data               c_w.l(strtok.o)
    0x20000004   0x08001260   0x00000004   Data   RW          106    .data.SystemCoreClock  system_stm32f3xx.o
    0x20000008   0x08001264   0x00000010   Data   RW           82    .data.tokens        func_uart.o


    Execution Region ER_ZI (Exec base: 0x20000018, Load base: 0x08001274, Size: 0x000006a8, Max: 0xffffffff, ABSOLUTE)

    Exec Addr    Load Addr    Size         Type   Attr      Idx    E Section Name        Object

    0x20000018        -       0x00000060   Zero   RW          176    .bss                c_w.l(libspace.o)
    0x20000078        -       0x00000004   Zero   RW           19    .bss.ap_us          main.o
    0x2000007c        -       0x00000002   Zero   RW           24    .bss.capture_fall   main.o
    0x2000007e        -       0x00000002   Zero   RW           22    .bss.capture_rise   main.o
    0x20000080        -       0x00000002   Zero   RW           23    .bss.capture_rise_ant  main.o
    0x20000082        -       0x00000001   Zero   RW           80    .bss.cmd_ready      func_uart.o
    0x20000083   0x08001274   0x00000001   PAD
    0x20000084        -       0x00000004   Zero   RW           21    .bss.count          main.o
    0x20000088        -       0x00000001   Zero   RW           83    .bss.data           func_uart.o
    0x20000089   0x08001274   0x00000003   PAD
    0x2000008c        -       0x00000004   Zero   RW           20    .bss.duty_cycle     main.o
    0x20000090        -       0x00000004   Zero   RW           18    .bss.freq_khz       main.o
    0x20000094        -       0x00000001   Zero   RW           79    .bss.n              func_uart.o
    0x20000095   0x08001274   0x00000003   PAD
    0x20000098        -       0x00000004   Zero   RW           17    .bss.period_us      main.o
    0x2000009c        -       0x00000020   Zero   RW           84    .bss.rx_buffer      func_uart.o
    0x200000bc   0x08001274   0x00000004   PAD
    0x200000c0        -       0x00000200   Zero   RW           93    HEAP                startup_stm32f303x8.o
    0x200002c0        -       0x00000400   Zero   RW           92    STACK               startup_stm32f303x8.o


==============================================================================

Image component sizes


      Code (inc. data)   RO Data    RW Data    ZI Data      Debug   Object Name

       502          0          0         16         35       4556   func_uart.o
       176          0        166          0          0       1567   funciones.o
      1428         12        381          0         26       5404   main.o
        64         26        392          0       1536        936   startup_stm32f303x8.o
       290          0         16          4          0       2274   system_stm32f3xx.o

    ----------------------------------------------------------------------
      2472         38        988         20       1608      14737   Object Totals
         0          0         32          0          0          0   (incl. Generated)
        12          0          1          0         11          0   (incl. Padding)

    ----------------------------------------------------------------------

      Code (inc. data)   RO Data    RW Data    ZI Data      Debug   Library Member Name

         8          0          0          0          0         68   __main.o
         0          0          0          0          0          0   __rtentry.o
        12          0          0          0          0          0   __rtentry2.o
         6          0          0          0          0          0   __rtentry4.o
        52          8          0          0          0          0   __scatter.o
        26          0          0          0          0          0   __scatter_copy.o
        28          0          0          0          0          0   __scatter_zi.o
        18          0          0          0          0         80   exit.o
         6          0          0          0          0        152   heapauxi.o
         0          0          0          0          0          0   indicate_semi.o
         2          0          0          0          0          0   libinit.o
         6          0          0          0          0          0   libinit2.o
         2          0          0          0          0          0   libshutdown.o
         2          0          0          0          0          0   libshutdown2.o
         8          4          0          0         96         68   libspace.o
         2          0          0          0          0          0   rtexit.o
        10          0          0          0          0          0   rtexit2.o
       124          0          0          0          0         88   strcmpv7em.o
        32          0          0          0          0         80   strcspn.o
        28          0          0          0          0         80   strspn.o
        12          6          0          4          0         68   strtok.o
        68          4          0          0          0         84   strtok_int.o
        12          4          0          0          0         68   sys_exit.o
        74          0          0          0          0         80   sys_stackheap_outer.o
         2          0          0          0          0         68   use_no_semi.o
        98          4          0          0          0        140   d2f.o
        46          0          0          0          0        116   dflt_clz.o
       340         12          0          0          0        152   dmul.o
       156          4          0          0          0        140   dnaninf.o
        12          0          0          0          0        116   dretinf.o
        26          0          0          0          0        116   fpinit.o
        10          0          0          0          0        116   fretinf.o
         0          0          0          0          0          0   usenofp.o

    ----------------------------------------------------------------------
      1240         50          0          4         96       1880   Library Totals
        12          4          0          0          0          0   (incl. Padding)

    ----------------------------------------------------------------------

      Code (inc. data)   RO Data    RW Data    ZI Data      Debug   Library Name

       540         26          0          4         96        984   c_w.l
       688         20          0          0          0        896   fz_wm.l

    ----------------------------------------------------------------------
      1240         50          0          4         96       1880   Library Totals

    ----------------------------------------------------------------------

==============================================================================


      Code (inc. data)   RO Data    RW Data    ZI Data      Debug   

      3712         88        988         24       1704      15541   Grand Totals
      3712         88        988         24       1704      15541   ELF Image Totals
      3712         88        988         24          0          0   ROM Totals

==============================================================================

    Total RO  Size (Code + RO Data)                 4700 (   4.59kB)
    Total RW  Size (RW Data + ZI Data)              1728 (   1.69kB)
    Total ROM Size (Code + RO Data + RW Data)       4724 (   4.61kB)

==============================================================================

